Archive member included to satisfy reference by file (symbol)

C:/ST/STM32CubeIDE_1.19.0/STM32CubeIDE/plugins/com.st.stm32cube.ide.mcu.externaltools.gnu-tools-for-stm32.13.3.rel1.win32_1.0.0.202411081344/tools/bin/../lib/gcc/arm-none-eabi/13.3.1/../../../../arm-none-eabi/lib/thumb/v7e-m+fp/hard\libc_nano.a(libc_a-exit.o)
                              C:/ST/STM32CubeIDE_1.19.0/STM32CubeIDE/plugins/com.st.stm32cube.ide.mcu.externaltools.gnu-tools-for-stm32.13.3.rel1.win32_1.0.0.202411081344/tools/bin/../lib/gcc/arm-none-eabi/13.3.1/../../../../arm-none-eabi/lib/thumb/v7e-m+fp/hard/crt0.o (exit)
C:/ST/STM32CubeIDE_1.19.0/STM32CubeIDE/plugins/com.st.stm32cube.ide.mcu.externaltools.gnu-tools-for-stm32.13.3.rel1.win32_1.0.0.202411081344/tools/bin/../lib/gcc/arm-none-eabi/13.3.1/../../../../arm-none-eabi/lib/thumb/v7e-m+fp/hard\libc_nano.a(libc_a-ctype_.o)
                              ./Core/Src/SigGen.o (_ctype_)
C:/ST/STM32CubeIDE_1.19.0/STM32CubeIDE/plugins/com.st.stm32cube.ide.mcu.externaltools.gnu-tools-for-stm32.13.3.rel1.win32_1.0.0.202411081344/tools/bin/../lib/gcc/arm-none-eabi/13.3.1/../../../../arm-none-eabi/lib/thumb/v7e-m+fp/hard\libc_nano.a(libc_a-findfp.o)
                              C:/ST/STM32CubeIDE_1.19.0/STM32CubeIDE/plugins/com.st.stm32cube.ide.mcu.externaltools.gnu-tools-for-stm32.13.3.rel1.win32_1.0.0.202411081344/tools/bin/../lib/gcc/arm-none-eabi/13.3.1/../../../../arm-none-eabi/lib/thumb/v7e-m+fp/hard\libc_nano.a(libc_a-exit.o) (__stdio_exit_handler)
C:/ST/STM32CubeIDE_1.19.0/STM32CubeIDE/plugins/com.st.stm32cube.ide.mcu.externaltools.gnu-tools-for-stm32.13.3.rel1.win32_1.0.0.202411081344/tools/bin/../lib/gcc/arm-none-eabi/13.3.1/../../../../arm-none-eabi/lib/thumb/v7e-m+fp/hard\libc_nano.a(libc_a-fwalk.o)
                              C:/ST/STM32CubeIDE_1.19.0/STM32CubeIDE/plugins/com.st.stm32cube.ide.mcu.externaltools.gnu-tools-for-stm32.13.3.rel1.win32_1.0.0.202411081344/tools/bin/../lib/gcc/arm-none-eabi/13.3.1/../../../../arm-none-eabi/lib/thumb/v7e-m+fp/hard\libc_nano.a(libc_a-findfp.o) (_fwalk_sglue)
C:/ST/STM32CubeIDE_1.19.0/STM32CubeIDE/plugins/com.st.stm32cube.ide.mcu.externaltools.gnu-tools-for-stm32.13.3.rel1.win32_1.0.0.202411081344/tools/bin/../lib/gcc/arm-none-eabi/13.3.1/../../../../arm-none-eabi/lib/thumb/v7e-m+fp/hard\libc_nano.a(libc_a-sscanf.o)
                              ./Core/Src/SigGen.o (sscanf)
C:/ST/STM32CubeIDE_1.19.0/STM32CubeIDE/plugins/com.st.stm32cube.ide.mcu.externaltools.gnu-tools-for-stm32.13.3.rel1.win32_1.0.0.202411081344/tools/bin/../lib/gcc/arm-none-eabi/13.3.1/../../../../arm-none-eabi/lib/thumb/v7e-m+fp/hard\libc_nano.a(libc_a-stdio.o)
                              C:/ST/STM32CubeIDE_1.19.0/STM32CubeIDE/plugins/com.st.stm32cube.ide.mcu.externaltools.gnu-tools-for-stm32.13.3.rel1.win32_1.0.0.202411081344/tools/bin/../lib/gcc/arm-none-eabi/13.3.1/../../../../arm-none-eabi/lib/thumb/v7e-m+fp/hard\libc_nano.a(libc_a-findfp.o) (__sread)
C:/ST/STM32CubeIDE_1.19.0/STM32CubeIDE/plugins/com.st.stm32cube.ide.mcu.externaltools.gnu-tools-for-stm32.13.3.rel1.win32_1.0.0.202411081344/tools/bin/../lib/gcc/arm-none-eabi/13.3.1/../../../../arm-none-eabi/lib/thumb/v7e-m+fp/hard\libc_nano.a(libc_a-memset.o)
                              C:/ST/STM32CubeIDE_1.19.0/STM32CubeIDE/plugins/com.st.stm32cube.ide.mcu.externaltools.gnu-tools-for-stm32.13.3.rel1.win32_1.0.0.202411081344/tools/bin/../lib/gcc/arm-none-eabi/13.3.1/../../../../arm-none-eabi/lib/thumb/v7e-m+fp/hard/crt0.o (memset)
C:/ST/STM32CubeIDE_1.19.0/STM32CubeIDE/plugins/com.st.stm32cube.ide.mcu.externaltools.gnu-tools-for-stm32.13.3.rel1.win32_1.0.0.202411081344/tools/bin/../lib/gcc/arm-none-eabi/13.3.1/../../../../arm-none-eabi/lib/thumb/v7e-m+fp/hard\libc_nano.a(libc_a-closer.o)
                              C:/ST/STM32CubeIDE_1.19.0/STM32CubeIDE/plugins/com.st.stm32cube.ide.mcu.externaltools.gnu-tools-for-stm32.13.3.rel1.win32_1.0.0.202411081344/tools/bin/../lib/gcc/arm-none-eabi/13.3.1/../../../../arm-none-eabi/lib/thumb/v7e-m+fp/hard\libc_nano.a(libc_a-stdio.o) (_close_r)
C:/ST/STM32CubeIDE_1.19.0/STM32CubeIDE/plugins/com.st.stm32cube.ide.mcu.externaltools.gnu-tools-for-stm32.13.3.rel1.win32_1.0.0.202411081344/tools/bin/../lib/gcc/arm-none-eabi/13.3.1/../../../../arm-none-eabi/lib/thumb/v7e-m+fp/hard\libc_nano.a(libc_a-reent.o)
                              C:/ST/STM32CubeIDE_1.19.0/STM32CubeIDE/plugins/com.st.stm32cube.ide.mcu.externaltools.gnu-tools-for-stm32.13.3.rel1.win32_1.0.0.202411081344/tools/bin/../lib/gcc/arm-none-eabi/13.3.1/../../../../arm-none-eabi/lib/thumb/v7e-m+fp/hard\libc_nano.a(libc_a-closer.o) (errno)
C:/ST/STM32CubeIDE_1.19.0/STM32CubeIDE/plugins/com.st.stm32cube.ide.mcu.externaltools.gnu-tools-for-stm32.13.3.rel1.win32_1.0.0.202411081344/tools/bin/../lib/gcc/arm-none-eabi/13.3.1/../../../../arm-none-eabi/lib/thumb/v7e-m+fp/hard\libc_nano.a(libc_a-impure.o)
[...]
Memory Configuration

Name             Origin             Length             Attributes
RAM              0x20000000         0x00018000         xrw
RAM2             0x10000000         0x00008000         xrw
FLASH            0x08000000         0x00100000         xr
*default*        0x00000000         0xffffffff

Linker script and memory map

LOAD C:/ST/STM32CubeIDE_1.19.0/STM32CubeIDE/plugins/com.st.stm32cube.ide.mcu.externaltools.gnu-tools-for-stm32.13.3.rel1.win32_1.0.0.202411081344/tools/bin/../lib/gcc/arm-none-eabi/13.3.1/thumb/v7e-m+fp/hard/crti.o
LOAD C:/ST/STM32CubeIDE_1.19.0/STM32CubeIDE/plugins/com.st.stm32cube.ide.mcu.externaltools.gnu-tools-for-stm32.13.3.rel1.win32_1.0.0.202411081344/tools/bin/../lib/gcc/arm-none-eabi/13.3.1/thumb/v7e-m+fp/hard/crtbegin.o
LOAD C:/ST/STM32CubeIDE_1.19.0/STM32CubeIDE/plugins/com.st.stm32cube.ide.mcu.externaltools.gnu-tools-for-stm32.13.3.rel1.win32_1.0.0.202411081344/tools/bin/../lib/gcc/arm-none-eabi/13.3.1/../../../../arm-none-eabi/lib/thumb/v7e-m+fp/hard/crt0.o
LOAD ./Core/Src/7seg.o
LOAD ./Core/Src/SigGen.o
LOAD ./Core/Src/adc.o
LOAD ./Core/Src/dac.o
LOAD ./Core/Src/dma.o
LOAD ./Core/Src/freertos.o
LOAD ./Core/Src/gpio.o
LOAD ./Core/Src/main.o
LOAD ./Core/Src/stm32l4xx_hal_msp.o
LOAD ./Core/Src/stm32l4xx_it.o
LOAD ./Core/Src/syscalls.o
LOAD ./Core/Src/sysmem.o
LOAD ./Core/Src/system_stm32l4xx.o
LOAD ./Core/Src/tim.o
LOAD ./Core/Src/usart.o
LOAD ./Core/Startup/startup_stm32l476rgtx.o
LOAD ./Drivers/STM32L4xx_HAL_Driver/Src/stm32l4xx_hal.o
LOAD ./Drivers/STM32L4xx_HAL_Driver/Src/stm32l4xx_hal_adc.o
LOAD ./Drivers/STM32L4xx_HAL_Driver/Src/stm32l4xx_hal_adc_ex.o
LOAD ./Drivers/STM32L4xx_HAL_Driver/Src/stm32l4xx_hal_cortex.o
LOAD ./Drivers/STM32L4xx_HAL_Driver/Src/stm32l4xx_hal_dac.o
LOAD ./Drivers/STM32L4xx_HAL_Driver/Src/stm32l4xx_hal_dac_ex.o
LOAD ./Drivers/STM32L4xx_HAL_Driver/Src/stm32l4xx_hal_dma.o
LOAD ./Drivers/STM32L4xx_HAL_Driver/Src/stm32l4xx_hal_dma_ex.o
LOAD ./Drivers/STM32L4xx_HAL_Driver/Src/stm32l4xx_hal_exti.o
LOAD ./Drivers/STM32L4xx_HAL_Driver/Src/stm32l4xx_hal_flash.o
LOAD ./Drivers/STM32L4xx_HAL_Driver/Src/stm32l4xx_hal_flash_ex.o
LOAD ./Drivers/STM32L4xx_HAL_Driver/Src/stm32l4xx_hal_flash_ramfunc.o
LOAD ./Drivers/STM32L4xx_HAL_Driver/Src/stm32l4xx_hal_gpio.o
LOAD ./Drivers/STM32L4xx_HAL_Driver/Src/stm32l4xx_hal_i2c.o
LOAD ./Drivers/STM32L4xx_HAL_Driver/Src/stm32l4xx_hal_i2c_ex.o
LOAD ./Drivers/STM32L4xx_HAL_Driver/Src/stm32l4xx_hal_pwr.o
LOAD ./Drivers/STM32L4xx_HAL_Driver/Src/stm32l4xx_hal_pwr_ex.o
LOAD ./Drivers/STM32L4xx_HAL_Driver/Src/stm32l4xx_hal_rcc.o
LOAD ./Drivers/STM32L4xx_HAL_Driver/Src/stm32l4xx_hal_rcc_ex.o
LOAD ./Drivers/STM32L4xx_HAL_Driver/Src/stm32l4xx_hal_tim.o
LOAD ./Drivers/STM32L4xx_HAL_Driver/Src/stm32l4xx_hal_tim_ex.o
LOAD ./Drivers/STM32L4xx_HAL_Driver/Src/stm32l4xx_hal_uart.o
LOAD ./Drivers/STM32L4xx_HAL_Driver/Src/stm32l4xx_hal_uart_ex.o
LOAD ./Middlewares/Third_Party/FreeRTOS/Source/CMSIS_RTOS_V2/cmsis_os2.o
LOAD ./Middlewares/Third_Party/FreeRTOS/Source/croutine.o
LOAD ./Middlewares/Third_Party/FreeRTOS/Source/event_groups.o
LOAD ./Middlewares/Third_Party/FreeRTOS/Source/list.o
LOAD ./Middlewares/Third_Party/FreeRTOS/Source/queue.o
LOAD ./Middlewares/Third_Party/FreeRTOS/Source/stream_buffer.o
LOAD ./Middlewares/Third_Party/FreeRTOS/Source/tasks.o
LOAD ./Middlewares/Third_Party/FreeRTOS/Source/timers.o
LOAD ./Middlewares/Third_Party/FreeRTOS/Source/portable/GCC/ARM_CM4F/port.o
LOAD ./Middlewares/Third_Party/FreeRTOS/Source/portable/MemMang/heap_4.o
START GROUP
LOAD C:/ST/STM32CubeIDE_1.19.0/STM32CubeIDE/plugins/com.st.stm32cube.ide.mcu.externaltools.gnu-tools-for-stm32.13.3.rel1.win32_1.0.0.202411081344/tools/bin/../lib/gcc/arm-none-eabi/13.3.1/../../../../arm-none-eabi/lib/thumb/v7e-m+fp/hard\libc_nano.a
LOAD C:/ST/STM32CubeIDE_1.19.0/STM32CubeIDE/plugins/com.st.stm32cube.ide.mcu.externaltools.gnu-tools-for-stm32.13.3.rel1.win32_1.0.0.202411081344/tools/bin/../lib/gcc/arm-none-eabi/13.3.1/../../../../arm-none-eabi/lib/thumb/v7e-m+fp/hard\libm.a
END GROUP
START GROUP
LOAD C:/ST/STM32CubeIDE_1.19.0/STM32CubeIDE/plugins/com.st.stm32cube.ide.mcu.externaltools.gnu-tools-for-stm32.13.3.rel1.win32_1.0.0.202411081344/tools/bin/../lib/gcc/arm-none-eabi/13.3.1/thumb/v7e-m+fp/hard\libgcc.a
LOAD C:/ST/STM32CubeIDE_1.19.0/STM32CubeIDE/plugins/com.st.stm32cube.ide.mcu.externaltools.gnu-tools-for-stm32.13.3.rel1.win32_1.0.0.202411081344/tools/bin/../lib/gcc/arm-none-eabi/13.3.1/../../../../arm-none-eabi/lib/thumb/v7e-m+fp/hard\libc_nano.a
END GROUP
START GROUP
LOAD C:/ST/STM32CubeIDE_1.19.0/STM32CubeIDE/plugins/com.st.stm32cube.ide.mcu.externaltools.gnu-tools-for-stm32.13.3.rel1.win32_1.0.0.202411081344/tools/bin/../lib/gcc/arm-none-eabi/13.3.1/thumb/v7e-m+fp/hard\libgcc.a
LOAD C:/ST/STM32CubeIDE_1.19.0/STM32CubeIDE/plugins/com.st.stm32cube.ide.mcu.externaltools.gnu-tools-for-stm32.13.3.rel1.win32_1.0.0.202411081344/tools/bin/../lib/gcc/arm-none-eabi/13.3.1/../../../../arm-none-eabi/lib/thumb/v7e-m+fp/hard\libc_nano.a
LOAD C:/ST/STM32CubeIDE_1.19.0/STM32CubeIDE/plugins/com.st.stm32cube.ide.mcu.externaltools.gnu-tools-for-stm32.13.3.rel1.win32_1.0.0.202411081344/tools/bin/../lib/gcc/arm-none-eabi/13.3.1/../../../../arm-none-eabi/lib/thumb/v7e-m+fp/hard\libnosys.a
END GROUP
START GROUP
LOAD C:/ST/STM32CubeIDE_1.19.0/STM32CubeIDE/plugins/com.st.stm32cube.ide.mcu.externaltools.gnu-tools-for-stm32.13.3.rel1.win32_1.0.0.202411081344/tools/bin/../lib/gcc/arm-none-eabi/13.3.1/thumb/v7e-m+fp/hard\libgcc.a
LOAD C:/ST/STM32CubeIDE_1.19.0/STM32CubeIDE/plugins/com.st.stm32cube.ide.mcu.externaltools.gnu-tools-for-stm32.13.3.rel1.win32_1.0.0.202411081344/tools/bin/../lib/gcc/arm-none-eabi/13.3.1/../../../../arm-none-eabi/lib/thumb/v7e-m+fp/hard\libc_nano.a
LOAD C:/ST/STM32CubeIDE_1.19.0/STM32CubeIDE/plugins/com.st.stm32cube.ide.mcu.externaltools.gnu-tools-for-stm32.13.3.rel1.win32_1.0.0.202411081344/tools/bin/../lib/gcc/arm-none-eabi/13.3.1/../../../../arm-none-eabi/lib/thumb/v7e-m+fp/hard\libnosys.a
END GROUP
LOAD C:/ST/STM32CubeIDE_1.19.0/STM32CubeIDE/plugins/com.st.stm32cube.ide.mcu.externaltools.gnu-tools-for-stm32.13.3.rel1.win32_1.0.0.202411081344/tools/bin/../lib/gcc/arm-none-eabi/13.3.1/thumb/v7e-m+fp/hard/crtend.o
LOAD C:/ST/STM32CubeIDE_1.19.0/STM32CubeIDE/plugins/com.st.stm32cube.ide.mcu.externaltools.gnu-tools-for-stm32.13.3.rel1.win32_1.0.0.202411081344/tools/bin/../lib/gcc/arm-none-eabi/13.3.1/thumb/v7e-m+fp/hard/crtn.o
                0x20018000                        _estack = (ORIGIN (RAM) + LENGTH (RAM))
                0x00000200                        _Min_Heap_Size = 0x200
                0x00000400                        _Min_Stack_Size = 0x400

.isr_vector     0x08000000      0x188
                0x08000000                        . = ALIGN (0x4)
 *(.isr_vector)
 .isr_vector    0x08000000      0x188 ./Core/Startup/startup_stm32l476rgtx.o
                0x08000000                g_pfnVectors
                0x08000188                        . = ALIGN (0x4)

.text           0x08000190     0xb978
                0x08000190                        . = ALIGN (0x4)
 *(.text)
 .text          0x08000190       0x40 C:/ST/STM32CubeIDE_1.19.0/STM32CubeIDE/plugins/com.st.stm32cube.ide.mcu.externaltools.gnu-tools-for-stm32.13.3.rel1.win32_1.0.0.202411081344/tools/bin/../lib/gcc/arm-none-eabi/13.3.1/thumb/v7e-m+fp/hard/crtbegin.o
 .text          0x080001d0       0x10 C:/ST/STM32CubeIDE_1.19.0/STM32CubeIDE/plugins/com.st.stm32cube.ide.mcu.externaltools.gnu-tools-for-stm32.13.3.rel1.win32_1.0.0.202411081344/tools/bin/../lib/gcc/arm-none-eabi/13.3.1/../../../../arm-none-eabi/lib/thumb/v7e-m+fp/hard\libc_nano.a(libc_a-strlen.o)
                0x080001d0                strlen
 .text          0x080001e0       0xa0 C:/ST/STM32CubeIDE_1.19.0/STM32CubeIDE/plugins/com.st.stm32cube.ide.mcu.externaltools.gnu-tools-for-stm32.13.3.rel1.win32_1.0.0.202411081344/tools/bin/../lib/gcc/arm-none-eabi/13.3.1/../../../../arm-none-eabi/lib/thumb/v7e-m+fp/hard\libc_nano.a(libc_a-memchr.o)
                0x080001e0                memchr
 .text          0x08000280      0x378 C:/ST/STM32CubeIDE_1.19.0/STM32CubeIDE/plugins/com.st.stm32cube.ide.mcu.externaltools.gnu-tools-for-stm32.13.3.rel1.win32_1.0.0.202411081344/tools/bin/../lib/gcc/arm-none-eabi/13.3.1/thumb/v7e-m+fp/hard\libgcc.a(_arm_addsubdf3.o)
                0x08000280                __aeabi_drsub
                0x08000288                __aeabi_dsub
                0x08000288                __subdf3
                0x0800028c                __aeabi_dadd
                0x0800028c                __adddf3
                0x08000504                __floatunsidf
                0x08000504                __aeabi_ui2d
                0x08000524                __floatsidf
                0x08000524                __aeabi_i2d
                0x08000548                __aeabi_f2d
                0x08000548                __extendsfdf2
                0x0800058c                __floatundidf
                0x0800058c                __aeabi_ul2d
                0x0800059c                __floatdidf
                0x0800059c                __aeabi_l2d
 .text          0x080005f8       0x40 C:/ST/STM32CubeIDE_1.19.0/STM32CubeIDE/plugins/com.st.stm32cube.ide.mcu.externaltools.gnu-tools-for-stm32.13.3.rel1.win32_1.0.0.202411081344/tools/bin/../lib/gcc/arm-none-eabi/13.3.1/thumb/v7e-m+fp/hard\libgcc.a(_arm_fixunsdfsi.o)
                0x080005f8                __aeabi_d2uiz
                0x080005f8                __fixunsdfsi
 .text          0x08000638       0x30 C:/ST/STM32CubeIDE_1.19.0/STM32CubeIDE/plugins/com.st.stm32cube.ide.mcu.externaltools.gnu-tools-for-stm32.13.3.rel1.win32_1.0.0.202411081344/tools/bin/../lib/gcc/arm-none-eabi/13.3.1/thumb/v7e-m+fp/hard\libgcc.a(_aeabi_uldivmod.o)
                0x08000638                __aeabi_uldivmod
 .text          0x08000668      0x2f8 C:/ST/STM32CubeIDE_1.19.0/STM32CubeIDE/plugins/com.st.stm32cube.ide.mcu.externaltools.gnu-tools-for-stm32.13.3.rel1.win32_1.0.0.202411081344/tools/bin/../lib/gcc/arm-none-eabi/13.3.1/thumb/v7e-m+fp/hard\libgcc.a(_udivmoddi4.o)
                0x08000668                __udivmoddi4
 .text          0x08000960        0x4 C:/ST/STM32CubeIDE_1.19.0/STM32CubeIDE/plugins/com.st.stm32cube.ide.mcu.externaltools.gnu-tools-for-stm32.13.3.rel1.win32_1.0.0.202411081344/tools/bin/../lib/gcc/arm-none-eabi/13.3.1/thumb/v7e-m+fp/hard\libgcc.a(_dvmd_tls.o)
                0x08000960                __aeabi_idiv0
                0x08000960                __aeabi_ldiv0
 *(.text*)
 .text.initSeg  0x08000964        0xe ./Core/Src/7seg.o
                0x08000964                initSeg
 *fill*         0x08000972        0x2 
 .text.displaySegment
                0x08000974       0xbc ./Core/Src/7seg.o
                0x08000974                displaySegment
 .text.multiplexSegment
                0x08000a30       0xf0 ./Core/Src/7seg.o
                0x08000a30                multiplexSegment
 .text.fill_sine
                0x08000b20       0x9c ./Core/Src/SigGen.o
 .text.fill_square
                0x08000bbc       0x52 ./Core/Src/SigGen.o
 *fill*         0x08000c0e        0x2 
 .text.apply_waveform
                0x08000c10       0x40 ./Core/Src/SigGen.o
 .text.Update_TIM6_fs
                0x08000c50       0xcc ./Core/Src/SigGen.o
 .text.apply_frequency
                0x08000d1c       0x3a ./Core/Src/SigGen.o
 *fill*         0x08000d56        0x2 
 .text.SigGen_Init
                0x08000d58       0x40 ./Core/Src/SigGen.o
                0x08000d58                SigGen_Init
 .text.SigGen_Start
                0x08000d98       0x38 ./Core/Src/SigGen.o
                0x08000d98                SigGen_Start
 .text.SigGen_Stop
                0x08000dd0       0x24 ./Core/Src/SigGen.o
                0x08000dd0                SigGen_Stop
 .text.SigGen_Set
                0x08000df4       0x68 ./Core/Src/SigGen.o
                0x08000df4                SigGen_Set
 .text.SigGen_ParseCommand
                0x08000e5c      0x12c ./Core/Src/SigGen.o
                0x08000e5c                SigGen_ParseCommand
 .text.MX_ADC1_Init
                0x08000f88       0xec ./Core/Src/adc.o
                0x08000f88                MX_ADC1_Init
 .text.HAL_ADC_MspInit
                0x08001074      0x140 ./Core/Src/adc.o
                0x08001074                HAL_ADC_MspInit
 .text.MX_DAC1_Init
                0x080011b4       0x64 ./Core/Src/dac.o
                0x080011b4                MX_DAC1_Init
 .text.HAL_DAC_MspInit
                0x08001218       0xdc ./Core/Src/dac.o
                0x08001218                HAL_DAC_MspInit
 .text.MX_DMA_Init
                0x080012f4       0x4c ./Core/Src/dma.o
                0x080012f4                MX_DMA_Init
 .text.MX_FREERTOS_Init
                0x08001340       0x40 ./Core/Src/freertos.o
                0x08001340                MX_FREERTOS_Init
 .text.StartDefaultTask
                0x08001380       0x10 ./Core/Src/freertos.o
                0x08001380                StartDefaultTask
 .text.CLI_task
                0x08001390       0xc4 ./Core/Src/freertos.o
                0x08001390                CLI_task
 .text.MX_GPIO_Init
                0x08001454       0xfc ./Core/Src/gpio.o
                0x08001454                MX_GPIO_Init
 .text.main     0x08001550       0x58 ./Core/Src/main.o
                0x08001550                main
 .text.uart_print
                0x080015a8       0x2c ./Core/Src/main.o
                0x080015a8                uart_print
 .text.SystemClock_Config
                0x080015d4       0xa2 ./Core/Src/main.o
                0x080015d4                SystemClock_Config
 .text.Error_Handler
                0x08001676        0xc ./Core/Src/main.o
                0x08001676                Error_Handler
 *fill*         0x08001682        0x2 
 .text.HAL_MspInit
                0x08001684       0x50 ./Core/Src/stm32l4xx_hal_msp.o
                0x08001684                HAL_MspInit
 .text.NMI_Handler
                0x080016d4        0x8 ./Core/Src/stm32l4xx_it.o
                0x080016d4                NMI_Handler
 .text.HardFault_Handler
                0x080016dc        0x8 ./Core/Src/stm32l4xx_it.o
                0x080016dc                HardFault_Handler
 .text.MemManage_Handler
                0x080016e4        0x8 ./Core/Src/stm32l4xx_it.o
                0x080016e4                MemManage_Handler
 .text.BusFault_Handler
                0x080016ec        0x8 ./Core/Src/stm32l4xx_it.o
                0x080016ec                BusFault_Handler
 .text.UsageFault_Handler
                0x080016f4        0x8 ./Core/Src/stm32l4xx_it.o
                0x080016f4                UsageFault_Handler
 .text.DebugMon_Handler
                0x080016fc        0xe ./Core/Src/stm32l4xx_it.o
                0x080016fc                DebugMon_Handler
 .text.SysTick_Handler
                0x0800170a       0x1a ./Core/Src/stm32l4xx_it.o
                0x0800170a                SysTick_Handler
 .text.DMA1_Channel1_IRQHandler
                0x08001724       0x14 ./Core/Src/stm32l4xx_it.o
                0x08001724                DMA1_Channel1_IRQHandler
 .text.DMA1_Channel3_IRQHandler
                0x08001738       0x14 ./Core/Src/stm32l4xx_it.o
                0x08001738                DMA1_Channel3_IRQHandler
 .text.ADC1_2_IRQHandler
                0x0800174c       0x14 ./Core/Src/stm32l4xx_it.o
                0x0800174c                ADC1_2_IRQHandler
 .text.TIM1_BRK_TIM15_IRQHandler
                0x08001760       0x14 ./Core/Src/stm32l4xx_it.o
                0x08001760                TIM1_BRK_TIM15_IRQHandler
 .text.USART2_IRQHandler
                0x08001774       0x14 ./Core/Src/stm32l4xx_it.o
                0x08001774                USART2_IRQHandler
 .text._sbrk    0x08001788       0x6c ./Core/Src/sysmem.o
                0x08001788                _sbrk
 .text.SystemInit
                0x080017f4       0x24 ./Core/Src/system_stm32l4xx.o
                0x080017f4                SystemInit
 .text.MX_TIM2_Init
                0x08001818       0xc8 ./Core/Src/tim.o
                0x08001818                MX_TIM2_Init
 .text.MX_TIM6_Init
                0x080018e0       0x6c ./Core/Src/tim.o
                0x080018e0                MX_TIM6_Init
 .text.MX_TIM15_Init
                0x0800194c       0xa0 ./Core/Src/tim.o
                0x0800194c                MX_TIM15_Init
 .text.HAL_TIM_Base_MspInit
                0x080019ec       0x98 ./Core/Src/tim.o
                0x080019ec                HAL_TIM_Base_MspInit
 .text.HAL_TIM_PeriodElapsedCallback
                0x08001a84       0x24 ./Core/Src/tim.o
                0x08001a84                HAL_TIM_PeriodElapsedCallback
 .text.MX_USART2_UART_Init
                0x08001aa8       0x60 ./Core/Src/usart.o
                0x08001aa8                MX_USART2_UART_Init
 .text.HAL_UART_MspInit
                0x08001b08       0xc8 ./Core/Src/usart.o
                0x08001b08                HAL_UART_MspInit
 .text.Reset_Handler
                0x08001bd0       0x50 ./Core/Startup/startup_stm32l476rgtx.o
                0x08001bd0                Reset_Handler
 .text.Default_Handler
                0x08001c20        0x2 ./Core/Startup/startup_stm32l476rgtx.o
                0x08001c20                RTC_Alarm_IRQHandler
                0x08001c20                EXTI2_IRQHandler
                0x08001c20                TIM8_TRG_COM_IRQHandler
                0x08001c20                TIM8_CC_IRQHandler
                0x08001c20                TIM1_CC_IRQHandler
                0x08001c20                TSC_IRQHandler
                0x08001c20                TAMP_STAMP_IRQHandler
                0x08001c20                EXTI3_IRQHandler
                0x08001c20                LPTIM2_IRQHandler
                0x08001c20                DFSDM1_FLT1_IRQHandler
                0x08001c20                I2C3_ER_IRQHandler
                0x08001c20                DFSDM1_FLT2_IRQHandler
                0x08001c20                EXTI0_IRQHandler
                0x08001c20                I2C2_EV_IRQHandler
                0x08001c20                CAN1_RX0_IRQHandler
                0x08001c20                FPU_IRQHandler
                0x08001c20                TIM1_UP_TIM16_IRQHandler
                0x08001c20                SPI1_IRQHandler
                0x08001c20                TIM6_DAC_IRQHandler
                0x08001c20                TIM8_UP_IRQHandler
                0x08001c20                DMA2_Channel2_IRQHandler
                0x08001c20                DMA1_Channel4_IRQHandler
                0x08001c20                SAI2_IRQHandler
                0x08001c20                DFSDM1_FLT3_IRQHandler
                0x08001c20                USART3_IRQHandler
                0x08001c20                DMA1_Channel7_IRQHandler
                0x08001c20                CAN1_RX1_IRQHandler
                0x08001c20                LCD_IRQHandler
                0x08001c20                UART5_IRQHandler
                0x08001c20                ADC3_IRQHandler
                0x08001c20                TIM4_IRQHandler
                0x08001c20                DMA2_Channel1_IRQHandler
                0x08001c20                QUADSPI_IRQHandler
                0x08001c20                I2C1_EV_IRQHandler
                0x08001c20                DMA1_Channel6_IRQHandler
                0x08001c20                UART4_IRQHandler
                0x08001c20                DMA2_Channel4_IRQHandler
                0x08001c20                TIM3_IRQHandler
                0x08001c20                RCC_IRQHandler
                0x08001c20                Default_Handler
                0x08001c20                DMA2_Channel7_IRQHandler
                0x08001c20                EXTI15_10_IRQHandler
                0x08001c20                TIM7_IRQHandler
                0x08001c20                SDMMC1_IRQHandler
                0x08001c20                TIM5_IRQHandler
                0x08001c20                I2C3_EV_IRQHandler
                0x08001c20                EXTI9_5_IRQHandler
                0x08001c20                RTC_WKUP_IRQHandler
                0x08001c20                PVD_PVM_IRQHandler
                0x08001c20                SPI2_IRQHandler
                0x08001c20                CAN1_TX_IRQHandler
                0x08001c20                DMA2_Channel5_IRQHandler
                0x08001c20                DMA1_Channel5_IRQHandler
                0x08001c20                EXTI4_IRQHandler
                0x08001c20                RNG_IRQHandler
                0x08001c20                TIM1_TRG_COM_TIM17_IRQHandler
                0x08001c20                COMP_IRQHandler
                0x08001c20                WWDG_IRQHandler
                0x08001c20                LPUART1_IRQHandler
                0x08001c20                DMA2_Channel6_IRQHandler
                0x08001c20                TIM2_IRQHandler
                0x08001c20                EXTI1_IRQHandler
                0x08001c20                DFSDM1_FLT0_IRQHandler
                0x08001c20                I2C2_ER_IRQHandler
                0x08001c20                DMA1_Channel2_IRQHandler
                0x08001c20                TIM8_BRK_IRQHandler
                0x08001c20                CAN1_SCE_IRQHandler
                0x08001c20                FLASH_IRQHandler
                0x08001c20                USART1_IRQHandler
                0x08001c20                OTG_FS_IRQHandler
                0x08001c20                SPI3_IRQHandler
                0x08001c20                I2C1_ER_IRQHandler
                0x08001c20                FMC_IRQHandler
                0x08001c20                SWPMI1_IRQHandler
                0x08001c20                LPTIM1_IRQHandler
                0x08001c20                SAI1_IRQHandler
                0x08001c20                DMA2_Channel3_IRQHandler
 *fill*         0x08001c22        0x2 
 .text.HAL_Init
                0x08001c24       0x40 ./Drivers/STM32L4xx_HAL_Driver/Src/stm32l4xx_hal.o
                0x08001c24                HAL_Init
 .text.HAL_InitTick
                0x08001c64       0x78 ./Drivers/STM32L4xx_HAL_Driver/Src/stm32l4xx_hal.o
                0x08001c64                HAL_InitTick
 .text.HAL_IncTick
                0x08001cdc       0x28 ./Drivers/STM32L4xx_HAL_Driver/Src/stm32l4xx_hal.o
                0x08001cdc                HAL_IncTick
 .text.HAL_GetTick
                0x08001d04       0x18 ./Drivers/STM32L4xx_HAL_Driver/Src/stm32l4xx_hal.o
                0x08001d04                HAL_GetTick
 .text.HAL_Delay
                0x08001d1c       0x48 ./Drivers/STM32L4xx_HAL_Driver/Src/stm32l4xx_hal.o
                0x08001d1c                HAL_Delay
 .text.LL_ADC_SetCommonClock
                0x08001d64       0x26 ./Drivers/STM32L4xx_HAL_Driver/Src/stm32l4xx_hal_adc.o
 .text.LL_ADC_SetCommonPathInternalCh
                0x08001d8a       0x26 ./Drivers/STM32L4xx_HAL_Driver/Src/stm32l4xx_hal_adc.o
 .text.LL_ADC_GetCommonPathInternalCh
                0x08001db0       0x1c ./Drivers/STM32L4xx_HAL_Driver/Src/stm32l4xx_hal_adc.o
 .text.LL_ADC_SetOffset
                0x08001dcc       0x48 ./Drivers/STM32L4xx_HAL_Driver/Src/stm32l4xx_hal_adc.o
 .text.LL_ADC_GetOffsetChannel
                0x08001e14       0x2c ./Drivers/STM32L4xx_HAL_Driver/Src/stm32l4xx_hal_adc.o
 .text.LL_ADC_SetOffsetState
                0x08001e40       0x36 ./Drivers/STM32L4xx_HAL_Driver/Src/stm32l4xx_hal_adc.o
 .text.LL_ADC_REG_IsTriggerSourceSWStart
                0x08001e76       0x26 ./Drivers/STM32L4xx_HAL_Driver/Src/stm32l4xx_hal_adc.o
 .text.LL_ADC_REG_SetSequencerRanks
                0x08001e9c       0x58 ./Drivers/STM32L4xx_HAL_Driver/Src/stm32l4xx_hal_adc.o
 .text.LL_ADC_INJ_IsTriggerSourceSWStart
                0x08001ef4       0x26 ./Drivers/STM32L4xx_HAL_Driver/Src/stm32l4xx_hal_adc.o
 .text.LL_ADC_SetChannelSamplingTime
                0x08001f1a       0x56 ./Drivers/STM32L4xx_HAL_Driver/Src/stm32l4xx_hal_adc.o
 .text.LL_ADC_SetChannelSingleDiff
                0x08001f70       0x48 ./Drivers/STM32L4xx_HAL_Driver/Src/stm32l4xx_hal_adc.o
 .text.LL_ADC_GetMultimode
                0x08001fb8       0x1c ./Drivers/STM32L4xx_HAL_Driver/Src/stm32l4xx_hal_adc.o
 .text.LL_ADC_GetMultiDMATransfer
                0x08001fd4       0x1c ./Drivers/STM32L4xx_HAL_Driver/Src/stm32l4xx_hal_adc.o
 .text.LL_ADC_DisableDeepPowerDown
                0x08001ff0       0x24 ./Drivers/STM32L4xx_HAL_Driver/Src/stm32l4xx_hal_adc.o
 .text.LL_ADC_IsDeepPowerDownEnabled
                0x08002014       0x28 ./Drivers/STM32L4xx_HAL_Driver/Src/stm32l4xx_hal_adc.o
 .text.LL_ADC_EnableInternalRegulator
                0x0800203c       0x28 ./Drivers/STM32L4xx_HAL_Driver/Src/stm32l4xx_hal_adc.o
 .text.LL_ADC_IsInternalRegulatorEnabled
                0x08002064       0x28 ./Drivers/STM32L4xx_HAL_Driver/Src/stm32l4xx_hal_adc.o
 .text.LL_ADC_IsEnabled
                0x0800208c       0x26 ./Drivers/STM32L4xx_HAL_Driver/Src/stm32l4xx_hal_adc.o
 .text.LL_ADC_REG_IsConversionOngoing
                0x080020b2       0x26 ./Drivers/STM32L4xx_HAL_Driver/Src/stm32l4xx_hal_adc.o
 .text.LL_ADC_INJ_IsConversionOngoing
                0x080020d8       0x26 ./Drivers/STM32L4xx_HAL_Driver/Src/stm32l4xx_hal_adc.o
 *fill*         0x080020fe        0x2 
 .text.HAL_ADC_Init
                0x08002100      0x2a0 ./Drivers/STM32L4xx_HAL_Driver/Src/stm32l4xx_hal_adc.o
                0x08002100                HAL_ADC_Init
 .text.HAL_ADC_IRQHandler
                0x080023a0      0x434 ./Drivers/STM32L4xx_HAL_Driver/Src/stm32l4xx_hal_adc.o
                0x080023a0                HAL_ADC_IRQHandler
 .text.HAL_ADC_ConvCpltCallback
                0x080027d4       0x14 ./Drivers/STM32L4xx_HAL_Driver/Src/stm32l4xx_hal_adc.o
                0x080027d4                HAL_ADC_ConvCpltCallback
 .text.HAL_ADC_LevelOutOfWindowCallback
                0x080027e8       0x14 ./Drivers/STM32L4xx_HAL_Driver/Src/stm32l4xx_hal_adc.o
                0x080027e8                HAL_ADC_LevelOutOfWindowCallback
 .text.HAL_ADC_ErrorCallback
                0x080027fc       0x14 ./Drivers/STM32L4xx_HAL_Driver/Src/stm32l4xx_hal_adc.o
                0x080027fc                HAL_ADC_ErrorCallback
 .text.HAL_ADC_ConfigChannel
                0x08002810      0x7e4 ./Drivers/STM32L4xx_HAL_Driver/Src/stm32l4xx_hal_adc.o
                0x08002810                HAL_ADC_ConfigChannel
 .text.LL_ADC_IsEnabled
                0x08002ff4       0x26 ./Drivers/STM32L4xx_HAL_Driver/Src/stm32l4xx_hal_adc_ex.o
 .text.LL_ADC_REG_IsConversionOngoing
                0x0800301a       0x26 ./Drivers/STM32L4xx_HAL_Driver/Src/stm32l4xx_hal_adc_ex.o
 .text.HAL_ADCEx_InjectedConvCpltCallback
                0x08003040       0x14 ./Drivers/STM32L4xx_HAL_Driver/Src/stm32l4xx_hal_adc_ex.o
                0x08003040                HAL_ADCEx_InjectedConvCpltCallback
 .text.HAL_ADCEx_InjectedQueueOverflowCallback
                0x08003054       0x14 ./Drivers/STM32L4xx_HAL_Driver/Src/stm32l4xx_hal_adc_ex.o
                0x08003054                HAL_ADCEx_InjectedQueueOverflowCallback
 .text.HAL_ADCEx_LevelOutOfWindow2Callback
                0x08003068       0x14 ./Drivers/STM32L4xx_HAL_Driver/Src/stm32l4xx_hal_adc_ex.o
                0x08003068                HAL_ADCEx_LevelOutOfWindow2Callback
 .text.HAL_ADCEx_LevelOutOfWindow3Callback
                0x0800307c       0x14 ./Drivers/STM32L4xx_HAL_Driver/Src/stm32l4xx_hal_adc_ex.o
                0x0800307c                HAL_ADCEx_LevelOutOfWindow3Callback
 .text.HAL_ADCEx_EndOfSamplingCallback
                0x08003090       0x14 ./Drivers/STM32L4xx_HAL_Driver/Src/stm32l4xx_hal_adc_ex.o
                0x08003090                HAL_ADCEx_EndOfSamplingCallback
 .text.HAL_ADCEx_MultiModeConfigChannel
                0x080030a4      0x160 ./Drivers/STM32L4xx_HAL_Driver/Src/stm32l4xx_hal_adc_ex.o
                0x080030a4                HAL_ADCEx_MultiModeConfigChannel
 .text.__NVIC_SetPriorityGrouping
                0x08003204       0x48 ./Drivers/STM32L4xx_HAL_Driver/Src/stm32l4xx_hal_cortex.o
 .text.__NVIC_GetPriorityGrouping
                0x0800324c       0x1c ./Drivers/STM32L4xx_HAL_Driver/Src/stm32l4xx_hal_cortex.o
 .text.__NVIC_EnableIRQ
                0x08003268       0x3c ./Drivers/STM32L4xx_HAL_Driver/Src/stm32l4xx_hal_cortex.o
 .text.__NVIC_SetPriority
                0x080032a4       0x54 ./Drivers/STM32L4xx_HAL_Driver/Src/stm32l4xx_hal_cortex.o
 .text.NVIC_EncodePriority
                0x080032f8       0x66 ./Drivers/STM32L4xx_HAL_Driver/Src/stm32l4xx_hal_cortex.o
 *fill*         0x0800335e        0x2 
 .text.SysTick_Config
                0x08003360       0x44 ./Drivers/STM32L4xx_HAL_Driver/Src/stm32l4xx_hal_cortex.o
 .text.HAL_NVIC_SetPriorityGrouping
                0x080033a4       0x16 ./Drivers/STM32L4xx_HAL_Driver/Src/stm32l4xx_hal_cortex.o
                0x080033a4                HAL_NVIC_SetPriorityGrouping
 .text.HAL_NVIC_SetPriority
                0x080033ba       0x38 ./Drivers/STM32L4xx_HAL_Driver/Src/stm32l4xx_hal_cortex.o
                0x080033ba                HAL_NVIC_SetPriority
 .text.HAL_NVIC_EnableIRQ
                0x080033f2       0x1c ./Drivers/STM32L4xx_HAL_Driver/Src/stm32l4xx_hal_cortex.o
                0x080033f2                HAL_NVIC_EnableIRQ
 .text.HAL_SYSTICK_Config
                0x0800340e       0x18 ./Drivers/STM32L4xx_HAL_Driver/Src/stm32l4xx_hal_cortex.o
                0x0800340e                HAL_SYSTICK_Config
 .text.HAL_DAC_Init
                0x08003426       0x44 ./Drivers/STM32L4xx_HAL_Driver/Src/stm32l4xx_hal_dac.o
                0x08003426                HAL_DAC_Init
 .text.HAL_DAC_Start
                0x0800346a       0x9a ./Drivers/STM32L4xx_HAL_Driver/Src/stm32l4xx_hal_dac.o
                0x0800346a                HAL_DAC_Start
 .text.HAL_DAC_Start_DMA
                0x08003504      0x198 ./Drivers/STM32L4xx_HAL_Driver/Src/stm32l4xx_hal_dac.o
                0x08003504                HAL_DAC_Start_DMA
 .text.HAL_DAC_ConvCpltCallbackCh1
                0x0800369c       0x14 ./Drivers/STM32L4xx_HAL_Driver/Src/stm32l4xx_hal_dac.o
                0x0800369c                HAL_DAC_ConvCpltCallbackCh1
 .text.HAL_DAC_ConvHalfCpltCallbackCh1
                0x080036b0       0x14 ./Drivers/STM32L4xx_HAL_Driver/Src/stm32l4xx_hal_dac.o
                0x080036b0                HAL_DAC_ConvHalfCpltCallbackCh1
 .text.HAL_DAC_ErrorCallbackCh1
                0x080036c4       0x14 ./Drivers/STM32L4xx_HAL_Driver/Src/stm32l4xx_hal_dac.o
                0x080036c4                HAL_DAC_ErrorCallbackCh1
 .text.HAL_DAC_ConfigChannel
                0x080036d8      0x24e ./Drivers/STM32L4xx_HAL_Driver/Src/stm32l4xx_hal_dac.o
                0x080036d8                HAL_DAC_ConfigChannel
 .text.DAC_DMAConvCpltCh1
                0x08003926       0x22 ./Drivers/STM32L4xx_HAL_Driver/Src/stm32l4xx_hal_dac.o
                0x08003926                DAC_DMAConvCpltCh1
 .text.DAC_DMAHalfConvCpltCh1
                0x08003948       0x1c ./Drivers/STM32L4xx_HAL_Driver/Src/stm32l4xx_hal_dac.o
                0x08003948                DAC_DMAHalfConvCpltCh1
 .text.DAC_DMAErrorCh1
                0x08003964       0x2e ./Drivers/STM32L4xx_HAL_Driver/Src/stm32l4xx_hal_dac.o
                0x08003964                DAC_DMAErrorCh1
 .text.HAL_DACEx_ConvCpltCallbackCh2
                0x08003992       0x14 ./Drivers/STM32L4xx_HAL_Driver/Src/stm32l4xx_hal_dac_ex.o
                0x08003992                HAL_DACEx_ConvCpltCallbackCh2
 .text.HAL_DACEx_ConvHalfCpltCallbackCh2
                0x080039a6       0x14 ./Drivers/STM32L4xx_HAL_Driver/Src/stm32l4xx_hal_dac_ex.o
                0x080039a6                HAL_DACEx_ConvHalfCpltCallbackCh2
 .text.HAL_DACEx_ErrorCallbackCh2
                0x080039ba       0x14 ./Drivers/STM32L4xx_HAL_Driver/Src/stm32l4xx_hal_dac_ex.o
                0x080039ba                HAL_DACEx_ErrorCallbackCh2
 .text.DAC_DMAConvCpltCh2
                0x080039ce       0x22 ./Drivers/STM32L4xx_HAL_Driver/Src/stm32l4xx_hal_dac_ex.o
                0x080039ce                DAC_DMAConvCpltCh2
 .text.DAC_DMAHalfConvCpltCh2
                0x080039f0       0x1c ./Drivers/STM32L4xx_HAL_Driver/Src/stm32l4xx_hal_dac_ex.o
                0x080039f0                DAC_DMAHalfConvCpltCh2
 .text.DAC_DMAErrorCh2
                0x08003a0c       0x2e ./Drivers/STM32L4xx_HAL_Driver/Src/stm32l4xx_hal_dac_ex.o
                0x08003a0c                DAC_DMAErrorCh2
 *fill*         0x08003a3a        0x2 
 .text.HAL_DMA_Init
                0x08003a3c      0x170 ./Drivers/STM32L4xx_HAL_Driver/Src/stm32l4xx_hal_dma.o
                0x08003a3c                HAL_DMA_Init
 .text.HAL_DMA_Start_IT
                0x08003bac       0xc0 ./Drivers/STM32L4xx_HAL_Driver/Src/stm32l4xx_hal_dma.o
                0x08003bac                HAL_DMA_Start_IT
 .text.HAL_DMA_Abort
                0x08003c6c       0x7c ./Drivers/STM32L4xx_HAL_Driver/Src/stm32l4xx_hal_dma.o
                0x08003c6c                HAL_DMA_Abort
 .text.HAL_DMA_Abort_IT
                0x08003ce8       0x82 ./Drivers/STM32L4xx_HAL_Driver/Src/stm32l4xx_hal_dma.o
                0x08003ce8                HAL_DMA_Abort_IT
 .text.HAL_DMA_IRQHandler
                0x08003d6a      0x15e ./Drivers/STM32L4xx_HAL_Driver/Src/stm32l4xx_hal_dma.o
                0x08003d6a                HAL_DMA_IRQHandler
 .text.DMA_SetConfig
                0x08003ec8       0x60 ./Drivers/STM32L4xx_HAL_Driver/Src/stm32l4xx_hal_dma.o
 .text.HAL_GPIO_Init
                0x08003f28      0x354 ./Drivers/STM32L4xx_HAL_Driver/Src/stm32l4xx_hal_gpio.o
                0x08003f28                HAL_GPIO_Init
 .text.HAL_GPIO_WritePin
                0x0800427c       0x30 ./Drivers/STM32L4xx_HAL_Driver/Src/stm32l4xx_hal_gpio.o
                0x0800427c                HAL_GPIO_WritePin
 .text.HAL_PWREx_GetVoltageRange
                0x080042ac       0x1c ./Drivers/STM32L4xx_HAL_Driver/Src/stm32l4xx_hal_pwr_ex.o
                0x080042ac                HAL_PWREx_GetVoltageRange
 .text.HAL_PWREx_ControlVoltageScaling
                0x080042c8       0xac ./Drivers/STM32L4xx_HAL_Driver/Src/stm32l4xx_hal_pwr_ex.o
                0x080042c8                HAL_PWREx_ControlVoltageScaling
 .text.HAL_RCC_OscConfig
                0x08004374      0x7b8 ./Drivers/STM32L4xx_HAL_Driver/Src/stm32l4xx_hal_rcc.o
                0x08004374                HAL_RCC_OscConfig
 .text.HAL_RCC_ClockConfig
                0x08004b2c      0x200 ./Drivers/STM32L4xx_HAL_Driver/Src/stm32l4xx_hal_rcc.o
                0x08004b2c                HAL_RCC_ClockConfig
 .text.HAL_RCC_GetSysClockFreq
                0x08004d2c      0x118 ./Drivers/STM32L4xx_HAL_Driver/Src/stm32l4xx_hal_rcc.o
                0x08004d2c                HAL_RCC_GetSysClockFreq
 .text.HAL_RCC_GetHCLKFreq
                0x08004e44       0x18 ./Drivers/STM32L4xx_HAL_Driver/Src/stm32l4xx_hal_rcc.o
                0x08004e44                HAL_RCC_GetHCLKFreq
 .text.HAL_RCC_GetPCLK1Freq
                0x08004e5c       0x2c ./Drivers/STM32L4xx_HAL_Driver/Src/stm32l4xx_hal_rcc.o
                0x08004e5c                HAL_RCC_GetPCLK1Freq
 .text.HAL_RCC_GetPCLK2Freq
                0x08004e88       0x2c ./Drivers/STM32L4xx_HAL_Driver/Src/stm32l4xx_hal_rcc.o
                0x08004e88                HAL_RCC_GetPCLK2Freq
 .text.RCC_SetFlashLatencyFromMSIRange
                0x08004eb4       0xc0 ./Drivers/STM32L4xx_HAL_Driver/Src/stm32l4xx_hal_rcc.o
 .text.HAL_RCCEx_PeriphCLKConfig
                0x08004f74      0x5d4 ./Drivers/STM32L4xx_HAL_Driver/Src/stm32l4xx_hal_rcc_ex.o
                0x08004f74                HAL_RCCEx_PeriphCLKConfig
 .text.RCCEx_PLLSAI1_Config
                0x08005548      0x1e8 ./Drivers/STM32L4xx_HAL_Driver/Src/stm32l4xx_hal_rcc_ex.o
 .text.RCCEx_PLLSAI2_Config
                0x08005730      0x1bc ./Drivers/STM32L4xx_HAL_Driver/Src/stm32l4xx_hal_rcc_ex.o
 .text.HAL_TIM_Base_Init
                0x080058ec       0xae ./Drivers/STM32L4xx_HAL_Driver/Src/stm32l4xx_hal_tim.o
                0x080058ec                HAL_TIM_Base_Init
 *fill*         0x0800599a        0x2 
 .text.HAL_TIM_Base_Start
                0x0800599c       0xd0 ./Drivers/STM32L4xx_HAL_Driver/Src/stm32l4xx_hal_tim.o
                0x0800599c                HAL_TIM_Base_Start
 .text.HAL_TIM_Base_Stop
                0x08005a6c       0x4e ./Drivers/STM32L4xx_HAL_Driver/Src/stm32l4xx_hal_tim.o
                0x08005a6c                HAL_TIM_Base_Stop
 *fill*         0x08005aba        0x2 
 .text.HAL_TIM_Base_Start_IT
                0x08005abc       0xe0 ./Drivers/STM32L4xx_HAL_Driver/Src/stm32l4xx_hal_tim.o
                0x08005abc                HAL_TIM_Base_Start_IT
 .text.HAL_TIM_IRQHandler
                0x08005b9c      0x20e ./Drivers/STM32L4xx_HAL_Driver/Src/stm32l4xx_hal_tim.o
                0x08005b9c                HAL_TIM_IRQHandler
 .text.HAL_TIM_ConfigClockSource
                0x08005daa      0x192 ./Drivers/STM32L4xx_HAL_Driver/Src/stm32l4xx_hal_tim.o
                0x08005daa                HAL_TIM_ConfigClockSource
 .text.HAL_TIM_SlaveConfigSynchro
                0x08005f3c       0x84 ./Drivers/STM32L4xx_HAL_Driver/Src/stm32l4xx_hal_tim.o
                0x08005f3c                HAL_TIM_SlaveConfigSynchro
 .text.HAL_TIM_OC_DelayElapsedCallback
                0x08005fc0       0x14 ./Drivers/STM32L4xx_HAL_Driver/Src/stm32l4xx_hal_tim.o
                0x08005fc0                HAL_TIM_OC_DelayElapsedCallback
 .text.HAL_TIM_IC_CaptureCallback
                0x08005fd4       0x14 ./Drivers/STM32L4xx_HAL_Driver/Src/stm32l4xx_hal_tim.o
                0x08005fd4                HAL_TIM_IC_CaptureCallback
 .text.HAL_TIM_PWM_PulseFinishedCallback
                0x08005fe8       0x14 ./Drivers/STM32L4xx_HAL_Driver/Src/stm32l4xx_hal_tim.o
                0x08005fe8                HAL_TIM_PWM_PulseFinishedCallback
 .text.HAL_TIM_TriggerCallback
                0x08005ffc       0x14 ./Drivers/STM32L4xx_HAL_Driver/Src/stm32l4xx_hal_tim.o
                0x08005ffc                HAL_TIM_TriggerCallback
 .text.TIM_Base_SetConfig
                0x08006010      0x14c ./Drivers/STM32L4xx_HAL_Driver/Src/stm32l4xx_hal_tim.o
                0x08006010                TIM_Base_SetConfig
 .text.TIM_SlaveTimer_SetConfig
                0x0800615c      0x126 ./Drivers/STM32L4xx_HAL_Driver/Src/stm32l4xx_hal_tim.o
 .text.TIM_TI1_ConfigInputStage
                0x08006282       0x5e ./Drivers/STM32L4xx_HAL_Driver/Src/stm32l4xx_hal_tim.o
 .text.TIM_TI2_ConfigInputStage
                0x080062e0       0x60 ./Drivers/STM32L4xx_HAL_Driver/Src/stm32l4xx_hal_tim.o
 .text.TIM_ITRx_SetConfig
                0x08006340       0x36 ./Drivers/STM32L4xx_HAL_Driver/Src/stm32l4xx_hal_tim.o
 .text.TIM_ETR_SetConfig
                0x08006376       0x40 ./Drivers/STM32L4xx_HAL_Driver/Src/stm32l4xx_hal_tim.o
                0x08006376                TIM_ETR_SetConfig
 *fill*         0x080063b6        0x2 
 .text.HAL_TIMEx_MasterConfigSynchronization
                0x080063b8      0x110 ./Drivers/STM32L4xx_HAL_Driver/Src/stm32l4xx_hal_tim_ex.o
                0x080063b8                HAL_TIMEx_MasterConfigSynchronization
 .text.HAL_TIMEx_CommutCallback
                0x080064c8       0x14 ./Drivers/STM32L4xx_HAL_Driver/Src/stm32l4xx_hal_tim_ex.o
                0x080064c8                HAL_TIMEx_CommutCallback
 .text.HAL_TIMEx_BreakCallback
                0x080064dc       0x14 ./Drivers/STM32L4xx_HAL_Driver/Src/stm32l4xx_hal_tim_ex.o
                0x080064dc                HAL_TIMEx_BreakCallback
 .text.HAL_TIMEx_Break2Callback
                0x080064f0       0x14 ./Drivers/STM32L4xx_HAL_Driver/Src/stm32l4xx_hal_tim_ex.o
                0x080064f0                HAL_TIMEx_Break2Callback
 .text.HAL_UART_Init
                0x08006504       0x9c ./Drivers/STM32L4xx_HAL_Driver/Src/stm32l4xx_hal_uart.o
                0x08006504                HAL_UART_Init
 .text.HAL_UART_Transmit
                0x080065a0      0x112 ./Drivers/STM32L4xx_HAL_Driver/Src/stm32l4xx_hal_uart.o
                0x080065a0                HAL_UART_Transmit
 .text.HAL_UART_Receive
                0x080066b2      0x192 ./Drivers/STM32L4xx_HAL_Driver/Src/stm32l4xx_hal_uart.o
                0x080066b2                HAL_UART_Receive
 .text.HAL_UART_IRQHandler
                0x08006844      0x60c ./Drivers/STM32L4xx_HAL_Driver/Src/stm32l4xx_hal_uart.o
                0x08006844                HAL_UART_IRQHandler
 .text.HAL_UART_TxCpltCallback
                0x08006e50       0x14 ./Drivers/STM32L4xx_HAL_Driver/Src/stm32l4xx_hal_uart.o
                0x08006e50                HAL_UART_TxCpltCallback
 .text.HAL_UART_ErrorCallback
                0x08006e64       0x14 ./Drivers/STM32L4xx_HAL_Driver/Src/stm32l4xx_hal_uart.o
                0x08006e64                HAL_UART_ErrorCallback
 .text.HAL_UARTEx_RxEventCallback
                0x08006e78       0x18 ./Drivers/STM32L4xx_HAL_Driver/Src/stm32l4xx_hal_uart.o
                0x08006e78                HAL_UARTEx_RxEventCallback
 .text.UART_SetConfig
                0x08006e90      0x570 ./Drivers/STM32L4xx_HAL_Driver/Src/stm32l4xx_hal_uart.o
                0x08006e90                UART_SetConfig
 .text.UART_AdvFeatureConfig
                0x08007400      0x144 ./Drivers/STM32L4xx_HAL_Driver/Src/stm32l4xx_hal_uart.o
                0x08007400                UART_AdvFeatureConfig
 .text.UART_CheckIdleState
                0x08007544      0x150 ./Drivers/STM32L4xx_HAL_Driver/Src/stm32l4xx_hal_uart.o
                0x08007544                UART_CheckIdleState
 .text.UART_WaitOnFlagUntilTimeout
                0x08007694       0xda ./Drivers/STM32L4xx_HAL_Driver/Src/stm32l4xx_hal_uart.o
                0x08007694                UART_WaitOnFlagUntilTimeout
 .text.UART_EndRxTransfer
                0x0800776e       0xc8 ./Drivers/STM32L4xx_HAL_Driver/Src/stm32l4xx_hal_uart.o
 .text.UART_DMAAbortOnError
                0x08007836       0x2c ./Drivers/STM32L4xx_HAL_Driver/Src/stm32l4xx_hal_uart.o
 .text.UART_EndTransmit_IT
                0x08007862       0x54 ./Drivers/STM32L4xx_HAL_Driver/Src/stm32l4xx_hal_uart.o
 .text.HAL_UARTEx_WakeupCallback
                0x080078b6       0x14 ./Drivers/STM32L4xx_HAL_Driver/Src/stm32l4xx_hal_uart_ex.o
                0x080078b6                HAL_UARTEx_WakeupCallback
 *fill*         0x080078ca        0x2 
 .text.__NVIC_SetPriority
                0x080078cc       0x54 ./Middlewares/Third_Party/FreeRTOS/Source/CMSIS_RTOS_V2/cmsis_os2.o
 .text.SVC_Setup
                0x08007920       0x12 ./Middlewares/Third_Party/FreeRTOS/Source/CMSIS_RTOS_V2/cmsis_os2.o
 *fill*         0x08007932        0x2 
 .text.osKernelInitialize
                0x08007934       0x48 ./Middlewares/Third_Party/FreeRTOS/Source/CMSIS_RTOS_V2/cmsis_os2.o
                0x08007934                osKernelInitialize
 .text.osKernelStart
                0x0800797c       0x4c ./Middlewares/Third_Party/FreeRTOS/Source/CMSIS_RTOS_V2/cmsis_os2.o
                0x0800797c                osKernelStart
 .text.osThreadNew
                0x080079c8      0x124 ./Middlewares/Third_Party/FreeRTOS/Source/CMSIS_RTOS_V2/cmsis_os2.o
                0x080079c8                osThreadNew
 .text.osDelay  0x08007aec       0x36 ./Middlewares/Third_Party/FreeRTOS/Source/CMSIS_RTOS_V2/cmsis_os2.o
                0x08007aec                osDelay
 *fill*         0x08007b22        0x2 
 .text.vApplicationGetIdleTaskMemory
                0x08007b24       0x34 ./Middlewares/Third_Party/FreeRTOS/Source/CMSIS_RTOS_V2/cmsis_os2.o
                0x08007b24                vApplicationGetIdleTaskMemory
 .text.vApplicationGetTimerTaskMemory
                0x08007b58       0x34 ./Middlewares/Third_Party/FreeRTOS/Source/CMSIS_RTOS_V2/cmsis_os2.o
                0x08007b58                vApplicationGetTimerTaskMemory
 .text.vListInitialise
                0x08007b8c       0x40 ./Middlewares/Third_Party/FreeRTOS/Source/list.o
                0x08007b8c                vListInitialise
 .text.vListInitialiseItem
                0x08007bcc       0x1a ./Middlewares/Third_Party/FreeRTOS/Source/list.o
                0x08007bcc                vListInitialiseItem
 .text.vListInsertEnd
                0x08007be6       0x48 ./Middlewares/Third_Party/FreeRTOS/Source/list.o
                0x08007be6                vListInsertEnd
 .text.vListInsert
                0x08007c2e       0x72 ./Middlewares/Third_Party/FreeRTOS/Source/list.o
                0x08007c2e                vListInsert
 .text.uxListRemove
                0x08007ca0       0x54 ./Middlewares/Third_Party/FreeRTOS/Source/list.o
                0x08007ca0                uxListRemove
 .text.xQueueGenericReset
                0x08007cf4       0xd4 ./Middlewares/Third_Party/FreeRTOS/Source/queue.o
                0x08007cf4                xQueueGenericReset
 .text.xQueueGenericCreateStatic
                0x08007dc8       0xfa ./Middlewares/Third_Party/FreeRTOS/Source/queue.o
                0x08007dc8                xQueueGenericCreateStatic
 .text.prvInitialiseNewQueue
                0x08007ec2       0x46 ./Middlewares/Third_Party/FreeRTOS/Source/queue.o
 .text.xQueueGenericSend
                0x08007f08      0x204 ./Middlewares/Third_Party/FreeRTOS/Source/queue.o
                0x08007f08                xQueueGenericSend
 .text.xQueueGenericSendFromISR
                0x0800810c      0x13c ./Middlewares/Third_Party/FreeRTOS/Source/queue.o
                0x0800810c                xQueueGenericSendFromISR
 .text.xQueueReceive
                0x08008248      0x1c4 ./Middlewares/Third_Party/FreeRTOS/Source/queue.o
                0x08008248                xQueueReceive
 .text.prvCopyDataToQueue
                0x0800840c       0xd4 ./Middlewares/Third_Party/FreeRTOS/Source/queue.o
 .text.prvCopyDataFromQueue
                0x080084e0       0x4c ./Middlewares/Third_Party/FreeRTOS/Source/queue.o
 .text.prvUnlockQueue
                0x0800852c       0xa4 ./Middlewares/Third_Party/FreeRTOS/Source/queue.o
 .text.prvIsQueueEmpty
                0x080085d0       0x2c ./Middlewares/Third_Party/FreeRTOS/Source/queue.o
 .text.prvIsQueueFull
                0x080085fc       0x30 ./Middlewares/Third_Party/FreeRTOS/Source/queue.o
 .text.vQueueAddToRegistry
                0x0800862c       0x54 ./Middlewares/Third_Party/FreeRTOS/Source/queue.o
                0x0800862c                vQueueAddToRegistry
 .text.vQueueWaitForMessageRestricted
                0x08008680       0x68 ./Middlewares/Third_Party/FreeRTOS/Source/queue.o
                0x08008680                vQueueWaitForMessageRestricted
 .text.xTaskCreateStatic
                0x080086e8       0xc0 ./Middlewares/Third_Party/FreeRTOS/Source/tasks.o
                0x080086e8                xTaskCreateStatic
 .text.xTaskCreate
                0x080087a8       0x8a ./Middlewares/Third_Party/FreeRTOS/Source/tasks.o
                0x080087a8                xTaskCreate
 .text.prvInitialiseNewTask
                0x08008832      0x120 ./Middlewares/Third_Party/FreeRTOS/Source/tasks.o
 *fill*         0x08008952        0x2 
 .text.prvAddNewTaskToReadyList
                0x08008954       0xe0 ./Middlewares/Third_Party/FreeRTOS/Source/tasks.o
 .text.vTaskDelay
                0x08008a34       0x6c ./Middlewares/Third_Party/FreeRTOS/Source/tasks.o
                0x08008a34                vTaskDelay
 .text.vTaskStartScheduler
                0x08008aa0       0xd0 ./Middlewares/Third_Party/FreeRTOS/Source/tasks.o
                0x08008aa0                vTaskStartScheduler
 .text.vTaskSuspendAll
                0x08008b70       0x1c ./Middlewares/Third_Party/FreeRTOS/Source/tasks.o
                0x08008b70                vTaskSuspendAll
 .text.xTaskResumeAll
                0x08008b8c      0x13c ./Middlewares/Third_Party/FreeRTOS/Source/tasks.o
                0x08008b8c                xTaskResumeAll
 .text.xTaskGetTickCount
                0x08008cc8       0x20 ./Middlewares/Third_Party/FreeRTOS/Source/tasks.o
                0x08008cc8                xTaskGetTickCount
 .text.xTaskIncrementTick
                0x08008ce8      0x174 ./Middlewares/Third_Party/FreeRTOS/Source/tasks.o
                0x08008ce8                xTaskIncrementTick
 .text.vTaskSwitchContext
                0x08008e5c       0xbc ./Middlewares/Third_Party/FreeRTOS/Source/tasks.o
                0x08008e5c                vTaskSwitchContext
 .text.vTaskPlaceOnEventList
                0x08008f18       0x4c ./Middlewares/Third_Party/FreeRTOS/Source/tasks.o
                0x08008f18                vTaskPlaceOnEventList
 .text.vTaskPlaceOnEventListRestricted
                0x08008f64       0x58 ./Middlewares/Third_Party/FreeRTOS/Source/tasks.o
                0x08008f64                vTaskPlaceOnEventListRestricted
 .text.xTaskRemoveFromEventList
                0x08008fbc       0xc8 ./Middlewares/Third_Party/FreeRTOS/Source/tasks.o
                0x08008fbc                xTaskRemoveFromEventList
 .text.vTaskInternalSetTimeOutState
                0x08009084       0x2c ./Middlewares/Third_Party/FreeRTOS/Source/tasks.o
                0x08009084                vTaskInternalSetTimeOutState
 .text.xTaskCheckForTimeOut
                0x080090b0       0xc8 ./Middlewares/Third_Party/FreeRTOS/Source/tasks.o
                0x080090b0                xTaskCheckForTimeOut
 .text.vTaskMissedYield
                0x08009178       0x18 ./Middlewares/Third_Party/FreeRTOS/Source/tasks.o
                0x08009178                vTaskMissedYield
 .text.prvIdleTask
                0x08009190       0x30 ./Middlewares/Third_Party/FreeRTOS/Source/tasks.o
 .text.prvInitialiseTaskLists
                0x080091c0       0x80 ./Middlewares/Third_Party/FreeRTOS/Source/tasks.o
 .text.prvCheckTasksWaitingTermination
                0x08009240       0x5c ./Middlewares/Third_Party/FreeRTOS/Source/tasks.o
 .text.prvDeleteTCB
                0x0800929c       0x60 ./Middlewares/Third_Party/FreeRTOS/Source/tasks.o
 .text.prvResetNextTaskUnblockTime
                0x080092fc       0x40 ./Middlewares/Third_Party/FreeRTOS/Source/tasks.o
 .text.xTaskGetSchedulerState
                0x0800933c       0x3c ./Middlewares/Third_Party/FreeRTOS/Source/tasks.o
                0x0800933c                xTaskGetSchedulerState
 .text.xTaskPriorityDisinherit
                0x08009378       0xe0 ./Middlewares/Third_Party/FreeRTOS/Source/tasks.o
                0x08009378                xTaskPriorityDisinherit
 .text.prvAddCurrentTaskToDelayedList
                0x08009458       0xa8 ./Middlewares/Third_Party/FreeRTOS/Source/tasks.o
 .text.xTimerCreateTimerTask
                0x08009500       0x94 ./Middlewares/Third_Party/FreeRTOS/Source/timers.o
                0x08009500                xTimerCreateTimerTask
 .text.xTimerGenericCommand
                0x08009594       0x9c ./Middlewares/Third_Party/FreeRTOS/Source/timers.o
                0x08009594                xTimerGenericCommand
 .text.prvProcessExpiredTimer
                0x08009630       0x9c ./Middlewares/Third_Party/FreeRTOS/Source/timers.o
 .text.prvTimerTask
                0x080096cc       0x26 ./Middlewares/Third_Party/FreeRTOS/Source/timers.o
 *fill*         0x080096f2        0x2 
 .text.prvProcessTimerOrBlockTask
                0x080096f4       0x9c ./Middlewares/Third_Party/FreeRTOS/Source/timers.o
 .text.prvGetNextExpireTime
                0x08009790       0x48 ./Middlewares/Third_Party/FreeRTOS/Source/timers.o
 .text.prvSampleTimeNow
                0x080097d8       0x40 ./Middlewares/Third_Party/FreeRTOS/Source/timers.o
 .text.prvInsertTimerInActiveList
                0x08009818       0x84 ./Middlewares/Third_Party/FreeRTOS/Source/timers.o
 .text.prvProcessReceivedCommands
                0x0800989c      0x1cc ./Middlewares/Third_Party/FreeRTOS/Source/timers.o
 .text.prvSwitchTimerLists
                0x08009a68       0xcc ./Middlewares/Third_Party/FreeRTOS/Source/timers.o
 .text.prvCheckForValidListAndQueue
                0x08009b34       0x80 ./Middlewares/Third_Party/FreeRTOS/Source/timers.o
 .text.pxPortInitialiseStack
                0x08009bb4       0x68 ./Middlewares/Third_Party/FreeRTOS/Source/portable/GCC/ARM_CM4F/port.o
                0x08009bb4                pxPortInitialiseStack
 .text.prvTaskExitError
                0x08009c1c       0x5c ./Middlewares/Third_Party/FreeRTOS/Source/portable/GCC/ARM_CM4F/port.o
 *fill*         0x08009c78        0x8 
 .text.SVC_Handler
                0x08009c80       0x28 ./Middlewares/Third_Party/FreeRTOS/Source/portable/GCC/ARM_CM4F/port.o
                0x08009c80                SVC_Handler
 .text.prvPortStartFirstTask
                0x08009ca8       0x28 ./Middlewares/Third_Party/FreeRTOS/Source/portable/GCC/ARM_CM4F/port.o
 .text.xPortStartScheduler
                0x08009cd0      0x148 ./Middlewares/Third_Party/FreeRTOS/Source/portable/GCC/ARM_CM4F/port.o
                0x08009cd0                xPortStartScheduler
 .text.vPortEnterCritical
                0x08009e18       0x64 ./Middlewares/Third_Party/FreeRTOS/Source/portable/GCC/ARM_CM4F/port.o
                0x08009e18                vPortEnterCritical
 .text.vPortExitCritical
                0x08009e7c       0x54 ./Middlewares/Third_Party/FreeRTOS/Source/portable/GCC/ARM_CM4F/port.o
                0x08009e7c                vPortExitCritical
 .text.PendSV_Handler
                0x08009ed0       0x68 ./Middlewares/Third_Party/FreeRTOS/Source/portable/GCC/ARM_CM4F/port.o
                0x08009ed0                PendSV_Handler
 .text.xPortSysTickHandler
                0x08009f38       0x44 ./Middlewares/Third_Party/FreeRTOS/Source/portable/GCC/ARM_CM4F/port.o
                0x08009f38                xPortSysTickHandler
 .text.vPortSetupTimerInterrupt
                0x08009f7c       0x48 ./Middlewares/Third_Party/FreeRTOS/Source/portable/GCC/ARM_CM4F/port.o
                0x08009f7c                vPortSetupTimerInterrupt
 .text.vPortEnableVFP
                0x08009fc4       0x14 ./Middlewares/Third_Party/FreeRTOS/Source/portable/GCC/ARM_CM4F/port.o
 .text.vPortValidateInterruptPriority
                0x08009fd8       0x84 ./Middlewares/Third_Party/FreeRTOS/Source/portable/GCC/ARM_CM4F/port.o
                0x08009fd8                vPortValidateInterruptPriority
 .text.pvPortMalloc
                0x0800a05c      0x19c ./Middlewares/Third_Party/FreeRTOS/Source/portable/MemMang/heap_4.o
                0x0800a05c                pvPortMalloc
 .text.vPortFree
                0x0800a1f8       0xc8 ./Middlewares/Third_Party/FreeRTOS/Source/portable/MemMang/heap_4.o
                0x0800a1f8                vPortFree
 .text.prvHeapInit
                0x0800a2c0       0xc4 ./Middlewares/Third_Party/FreeRTOS/Source/portable/MemMang/heap_4.o
 .text.prvInsertBlockIntoFreeList
                0x0800a384       0xb4 ./Middlewares/Third_Party/FreeRTOS/Source/portable/MemMang/heap_4.o
 .text.sscanf   0x0800a438       0x58 C:/ST/STM32CubeIDE_1.19.0/STM32CubeIDE/plugins/com.st.stm32cube.ide.mcu.externaltools.gnu-tools-for-stm32.13.3.rel1.win32_1.0.0.202411081344/tools/bin/../lib/gcc/arm-none-eabi/13.3.1/../../../../arm-none-eabi/lib/thumb/v7e-m+fp/hard\libc_nano.a(libc_a-sscanf.o)
                0x0800a438                siscanf
                0x0800a438                sscanf
 .text.__seofread
                0x0800a490        0x4 C:/ST/STM32CubeIDE_1.19.0/STM32CubeIDE/plugins/com.st.stm32cube.ide.mcu.externaltools.gnu-tools-for-stm32.13.3.rel1.win32_1.0.0.202411081344/tools/bin/../lib/gcc/arm-none-eabi/13.3.1/../../../../arm-none-eabi/lib/thumb/v7e-m+fp/hard\libc_nano.a(libc_a-stdio.o)
                0x0800a490                __seofread
 .text.memset   0x0800a494       0x10 C:/ST/STM32CubeIDE_1.19.0/STM32CubeIDE/plugins/com.st.stm32cube.ide.mcu.externaltools.gnu-tools-for-stm32.13.3.rel1.win32_1.0.0.202411081344/tools/bin/../lib/gcc/arm-none-eabi/13.3.1/../../../../arm-none-eabi/lib/thumb/v7e-m+fp/hard\libc_nano.a(libc_a-memset.o)
                0x0800a494                memset
 .text.__errno  0x0800a4a4        0xc C:/ST/STM32CubeIDE_1.19.0/STM32CubeIDE/plugins/com.st.stm32cube.ide.mcu.externaltools.gnu-tools-for-stm32.13.3.rel1.win32_1.0.0.202411081344/tools/bin/../lib/gcc/arm-none-eabi/13.3.1/../../../../arm-none-eabi/lib/thumb/v7e-m+fp/hard\libc_nano.a(libc_a-errno.o)
                0x0800a4a4                __errno
 .text.__libc_init_array
                0x0800a4b0       0x48 C:/ST/STM32CubeIDE_1.19.0/STM32CubeIDE/plugins/com.st.stm32cube.ide.mcu.externaltools.gnu-tools-for-stm32.13.3.rel1.win32_1.0.0.202411081344/tools/bin/../lib/gcc/arm-none-eabi/13.3.1/../../../../arm-none-eabi/lib/thumb/v7e-m+fp/hard\libc_nano.a(libc_a-init.o)
                0x0800a4b0                __libc_init_array
 .text.__retarget_lock_acquire_recursive
                0x0800a4f8        0x2 C:/ST/STM32CubeIDE_1.19.0/STM32CubeIDE/plugins/com.st.stm32cube.ide.mcu.externaltools.gnu-tools-for-stm32.13.3.rel1.win32_1.0.0.202411081344/tools/bin/../lib/gcc/arm-none-eabi/13.3.1/../../../../arm-none-eabi/lib/thumb/v7e-m+fp/hard\libc_nano.a(libc_a-lock.o)
                0x0800a4f8                __retarget_lock_acquire_recursive
 .text.__retarget_lock_release_recursive
                0x0800a4fa        0x2 C:/ST/STM32CubeIDE_1.19.0/STM32CubeIDE/plugins/com.st.stm32cube.ide.mcu.externaltools.gnu-tools-for-stm32.13.3.rel1.win32_1.0.0.202411081344/tools/bin/../lib/gcc/arm-none-eabi/13.3.1/../../../../arm-none-eabi/lib/thumb/v7e-m+fp/hard\libc_nano.a(libc_a-lock.o)
                0x0800a4fa                __retarget_lock_release_recursive
 .text.memcpy   0x0800a4fc       0x1c C:/ST/STM32CubeIDE_1.19.0/STM32CubeIDE/plugins/com.st.stm32cube.ide.mcu.externaltools.gnu-tools-for-stm32.13.3.rel1.win32_1.0.0.202411081344/tools/bin/../lib/gcc/arm-none-eabi/13.3.1/../../../../arm-none-eabi/lib/thumb/v7e-m+fp/hard\libc_nano.a(libc_a-memcpy-stub.o)
                0x0800a4fc                memcpy
 .text._free_r  0x0800a518       0x94 C:/ST/STM32CubeIDE_1.19.0/STM32CubeIDE/plugins/com.st.stm32cube.ide.mcu.externaltools.gnu-tools-for-stm32.13.3.rel1.win32_1.0.0.202411081344/tools/bin/../lib/gcc/arm-none-eabi/13.3.1/../../../../arm-none-eabi/lib/thumb/v7e-m+fp/hard\libc_nano.a(libc_a-freer.o)
                0x0800a518                _free_r
 .text.sbrk_aligned
                0x0800a5ac       0x44 C:/ST/STM32CubeIDE_1.19.0/STM32CubeIDE/plugins/com.st.stm32cube.ide.mcu.externaltools.gnu-tools-for-stm32.13.3.rel1.win32_1.0.0.202411081344/tools/bin/../lib/gcc/arm-none-eabi/13.3.1/../../../../arm-none-eabi/lib/thumb/v7e-m+fp/hard\libc_nano.a(libc_a-mallocr.o)
 .text._malloc_r
                0x0800a5f0      0x100 C:/ST/STM32CubeIDE_1.19.0/STM32CubeIDE/plugins/com.st.stm32cube.ide.mcu.externaltools.gnu-tools-for-stm32.13.3.rel1.win32_1.0.0.202411081344/tools/bin/../lib/gcc/arm-none-eabi/13.3.1/../../../../arm-none-eabi/lib/thumb/v7e-m+fp/hard\libc_nano.a(libc_a-mallocr.o)
                0x0800a5f0                _malloc_r
 .text.__malloc_lock
                0x0800a6f0        0xc C:/ST/STM32CubeIDE_1.19.0/STM32CubeIDE/plugins/com.st.stm32cube.ide.mcu.externaltools.gnu-tools-for-stm32.13.3.rel1.win32_1.0.0.202411081344/tools/bin/../lib/gcc/arm-none-eabi/13.3.1/../../../../arm-none-eabi/lib/thumb/v7e-m+fp/hard\libc_nano.a(libc_a-mlock.o)
                0x0800a6f0                __malloc_lock
 .text.__malloc_unlock
                0x0800a6fc        0xc C:/ST/STM32CubeIDE_1.19.0/STM32CubeIDE/plugins/com.st.stm32cube.ide.mcu.externaltools.gnu-tools-for-stm32.13.3.rel1.win32_1.0.0.202411081344/tools/bin/../lib/gcc/arm-none-eabi/13.3.1/../../../../arm-none-eabi/lib/thumb/v7e-m+fp/hard\libc_nano.a(libc_a-mlock.o)
                0x0800a6fc                __malloc_unlock
 .text._sungetc_r
                0x0800a708       0x7a C:/ST/STM32CubeIDE_1.19.0/STM32CubeIDE/plugins/com.st.stm32cube.ide.mcu.externaltools.gnu-tools-for-stm32.13.3.rel1.win32_1.0.0.202411081344/tools/bin/../lib/gcc/arm-none-eabi/13.3.1/../../../../arm-none-eabi/lib/thumb/v7e-m+fp/hard\libc_nano.a(libc_a-nano-svfscanf.o)
                0x0800a708                _sungetc_r
 .text.__ssrefill_r
                0x0800a782       0x3a C:/ST/STM32CubeIDE_1.19.0/STM32CubeIDE/plugins/com.st.stm32cube.ide.mcu.externaltools.gnu-tools-for-stm32.13.3.rel1.win32_1.0.0.202411081344/tools/bin/../lib/gcc/arm-none-eabi/13.3.1/../../../../arm-none-eabi/lib/thumb/v7e-m+fp/hard\libc_nano.a(libc_a-nano-svfscanf.o)
                0x0800a782                __ssrefill_r
 .text.__ssvfscanf_r
                0x0800a7bc      0x2ec C:/ST/STM32CubeIDE_1.19.0/STM32CubeIDE/plugins/com.st.stm32cube.ide.mcu.externaltools.gnu-tools-for-stm32.13.3.rel1.win32_1.0.0.202411081344/tools/bin/../lib/gcc/arm-none-eabi/13.3.1/../../../../arm-none-eabi/lib/thumb/v7e-m+fp/hard\libc_nano.a(libc_a-nano-svfscanf.o)
                0x0800a7bc                __ssvfiscanf_r
                0x0800a7bc                __ssvfscanf_r
 .text._scanf_chars
                0x0800aaa8       0xb4 C:/ST/STM32CubeIDE_1.19.0/STM32CubeIDE/plugins/com.st.stm32cube.ide.mcu.externaltools.gnu-tools-for-stm32.13.3.rel1.win32_1.0.0.202411081344/tools/bin/../lib/gcc/arm-none-eabi/13.3.1/../../../../arm-none-eabi/lib/thumb/v7e-m+fp/hard\libc_nano.a(libc_a-nano-vfscanf_i.o)
                0x0800aaa8                _scanf_chars
 .text._scanf_i
                0x0800ab5c      0x1e8 C:/ST/STM32CubeIDE_1.19.0/STM32CubeIDE/plugins/com.st.stm32cube.ide.mcu.externaltools.gnu-tools-for-stm32.13.3.rel1.win32_1.0.0.202411081344/tools/bin/../lib/gcc/arm-none-eabi/13.3.1/../../../../arm-none-eabi/lib/thumb/v7e-m+fp/hard\libc_nano.a(libc_a-nano-vfscanf_i.o)
                0x0800ab5c                _scanf_i
 .text.__sccl   0x0800ad44       0x72 C:/ST/STM32CubeIDE_1.19.0/STM32CubeIDE/plugins/com.st.stm32cube.ide.mcu.externaltools.gnu-tools-for-stm32.13.3.rel1.win32_1.0.0.202411081344/tools/bin/../lib/gcc/arm-none-eabi/13.3.1/../../../../arm-none-eabi/lib/thumb/v7e-m+fp/hard\libc_nano.a(libc_a-sccl.o)
                0x0800ad44                __sccl
 .text.__submore
                0x0800adb6       0x74 C:/ST/STM32CubeIDE_1.19.0/STM32CubeIDE/plugins/com.st.stm32cube.ide.mcu.externaltools.gnu-tools-for-stm32.13.3.rel1.win32_1.0.0.202411081344/tools/bin/../lib/gcc/arm-none-eabi/13.3.1/../../../../arm-none-eabi/lib/thumb/v7e-m+fp/hard\libc_nano.a(libc_a-ungetc.o)
                0x0800adb6                __submore
 *fill*         0x0800ae2a        0x2 
 .text._sbrk_r  0x0800ae2c       0x20 C:/ST/STM32CubeIDE_1.19.0/STM32CubeIDE/plugins/com.st.stm32cube.ide.mcu.externaltools.gnu-tools-for-stm32.13.3.rel1.win32_1.0.0.202411081344/tools/bin/../lib/gcc/arm-none-eabi/13.3.1/../../../../arm-none-eabi/lib/thumb/v7e-m+fp/hard\libc_nano.a(libc_a-sbrkr.o)
                0x0800ae2c                _sbrk_r
 .text._realloc_r
                0x0800ae4c       0x5c C:/ST/STM32CubeIDE_1.19.0/STM32CubeIDE/plugins/com.st.stm32cube.ide.mcu.externaltools.gnu-tools-for-stm32.13.3.rel1.win32_1.0.0.202411081344/tools/bin/../lib/gcc/arm-none-eabi/13.3.1/../../../../arm-none-eabi/lib/thumb/v7e-m+fp/hard\libc_nano.a(libc_a-reallocr.o)
                0x0800ae4c                _realloc_r
 .text._strtol_l.isra.0
                0x0800aea8       0xf4 C:/ST/STM32CubeIDE_1.19.0/STM32CubeIDE/plugins/com.st.stm32cube.ide.mcu.externaltools.gnu-tools-for-stm32.13.3.rel1.win32_1.0.0.202411081344/tools/bin/../lib/gcc/arm-none-eabi/13.3.1/../../../../arm-none-eabi/lib/thumb/v7e-m+fp/hard\libc_nano.a(libc_a-strtol.o)
 .text._strtol_r
                0x0800af9c        0x4 C:/ST/STM32CubeIDE_1.19.0/STM32CubeIDE/plugins/com.st.stm32cube.ide.mcu.externaltools.gnu-tools-for-stm32.13.3.rel1.win32_1.0.0.202411081344/tools/bin/../lib/gcc/arm-none-eabi/13.3.1/../../../../arm-none-eabi/lib/thumb/v7e-m+fp/hard\libc_nano.a(libc_a-strtol.o)
                0x0800af9c                _strtol_r
 .text._strtoul_l.isra.0
                0x0800afa0       0xdc C:/ST/STM32CubeIDE_1.19.0/STM32CubeIDE/plugins/com.st.stm32cube.ide.mcu.externaltools.gnu-tools-for-stm32.13.3.rel1.win32_1.0.0.202411081344/tools/bin/../lib/gcc/arm-none-eabi/13.3.1/../../../../arm-none-eabi/lib/thumb/v7e-m+fp/hard\libc_nano.a(libc_a-strtoul.o)
 .text._strtoul_r
                0x0800b07c        0x4 C:/ST/STM32CubeIDE_1.19.0/STM32CubeIDE/plugins/com.st.stm32cube.ide.mcu.externaltools.gnu-tools-for-stm32.13.3.rel1.win32_1.0.0.202411081344/tools/bin/../lib/gcc/arm-none-eabi/13.3.1/../../../../arm-none-eabi/lib/thumb/v7e-m+fp/hard\libc_nano.a(libc_a-strtoul.o)
                0x0800b07c                _strtoul_r
 .text._malloc_usable_size_r
                0x0800b080       0x10 C:/ST/STM32CubeIDE_1.19.0/STM32CubeIDE/plugins/com.st.stm32cube.ide.mcu.externaltools.gnu-tools-for-stm32.13.3.rel1.win32_1.0.0.202411081344/tools/bin/../lib/gcc/arm-none-eabi/13.3.1/../../../../arm-none-eabi/lib/thumb/v7e-m+fp/hard\libc_nano.a(libc_a-msizer.o)
                0x0800b080                _malloc_usable_size_r
 .text.sinf     0x0800b090       0x8c C:/ST/STM32CubeIDE_1.19.0/STM32CubeIDE/plugins/com.st.stm32cube.ide.mcu.externaltools.gnu-tools-for-stm32.13.3.rel1.win32_1.0.0.202411081344/tools/bin/../lib/gcc/arm-none-eabi/13.3.1/../../../../arm-none-eabi/lib/thumb/v7e-m+fp/hard\libm.a(libm_a-sf_sin.o)
                0x0800b090                sinf
 .text.__kernel_cosf
                0x0800b11c       0xb0 C:/ST/STM32CubeIDE_1.19.0/STM32CubeIDE/plugins/com.st.stm32cube.ide.mcu.externaltools.gnu-tools-for-stm32.13.3.rel1.win32_1.0.0.202411081344/tools/bin/../lib/gcc/arm-none-eabi/13.3.1/../../../../arm-none-eabi/lib/thumb/v7e-m+fp/hard\libm.a(libm_a-kf_cos.o)
                0x0800b11c                __kernel_cosf
 .text.__kernel_sinf
                0x0800b1cc       0x90 C:/ST/STM32CubeIDE_1.19.0/STM32CubeIDE/plugins/com.st.stm32cube.ide.mcu.externaltools.gnu-tools-for-stm32.13.3.rel1.win32_1.0.0.202411081344/tools/bin/../lib/gcc/arm-none-eabi/13.3.1/../../../../arm-none-eabi/lib/thumb/v7e-m+fp/hard\libm.a(libm_a-kf_sin.o)
                0x0800b1cc                __kernel_sinf
 .text.__ieee754_rem_pio2f
                0x0800b25c      0x260 C:/ST/STM32CubeIDE_1.19.0/STM32CubeIDE/plugins/com.st.stm32cube.ide.mcu.externaltools.gnu-tools-for-stm32.13.3.rel1.win32_1.0.0.202411081344/tools/bin/../lib/gcc/arm-none-eabi/13.3.1/../../../../arm-none-eabi/lib/thumb/v7e-m+fp/hard\libm.a(libm_a-ef_rem_pio2.o)
                0x0800b25c                __ieee754_rem_pio2f
 .text.fabsf    0x0800b4bc        0xe C:/ST/STM32CubeIDE_1.19.0/STM32CubeIDE/plugins/com.st.stm32cube.ide.mcu.externaltools.gnu-tools-for-stm32.13.3.rel1.win32_1.0.0.202411081344/tools/bin/../lib/gcc/arm-none-eabi/13.3.1/../../../../arm-none-eabi/lib/thumb/v7e-m+fp/hard\libm.a(libm_a-sf_fabs.o)
                0x0800b4bc                fabsf
 *fill*         0x0800b4ca        0x2 
 .text.__kernel_rem_pio2f
                0x0800b4cc      0x4d0 C:/ST/STM32CubeIDE_1.19.0/STM32CubeIDE/plugins/com.st.stm32cube.ide.mcu.externaltools.gnu-tools-for-stm32.13.3.rel1.win32_1.0.0.202411081344/tools/bin/../lib/gcc/arm-none-eabi/13.3.1/../../../../arm-none-eabi/lib/thumb/v7e-m+fp/hard\libm.a(libm_a-kf_rem_pio2.o)
                0x0800b4cc                __kernel_rem_pio2f
 .text.scalbnf  0x0800b99c       0xcc C:/ST/STM32CubeIDE_1.19.0/STM32CubeIDE/plugins/com.st.stm32cube.ide.mcu.externaltools.gnu-tools-for-stm32.13.3.rel1.win32_1.0.0.202411081344/tools/bin/../lib/gcc/arm-none-eabi/13.3.1/../../../../arm-none-eabi/lib/thumb/v7e-m+fp/hard\libm.a(libm_a-sf_scalbn.o)
                0x0800b99c                scalbnf
 .text.floorf   0x0800ba68       0x88 C:/ST/STM32CubeIDE_1.19.0/STM32CubeIDE/plugins/com.st.stm32cube.ide.mcu.externaltools.gnu-tools-for-stm32.13.3.rel1.win32_1.0.0.202411081344/tools/bin/../lib/gcc/arm-none-eabi/13.3.1/../../../../arm-none-eabi/lib/thumb/v7e-m+fp/hard\libm.a(libm_a-sf_floor.o)
                0x0800ba68                floorf
 *(.glue_7)
 .glue_7        0x0800baf0        0x0 linker stubs
 *(.glue_7t)
 .glue_7t       0x0800baf0        0x0 linker stubs
 *(.eh_frame)
 .eh_frame      0x0800baf0        0x0 C:/ST/STM32CubeIDE_1.19.0/STM32CubeIDE/plugins/com.st.stm32cube.ide.mcu.externaltools.gnu-tools-for-stm32.13.3.rel1.win32_1.0.0.202411081344/tools/bin/../lib/gcc/arm-none-eabi/13.3.1/thumb/v7e-m+fp/hard/crtbegin.o
 *(.init)
 .init          0x0800baf0        0x4 C:/ST/STM32CubeIDE_1.19.0/STM32CubeIDE/plugins/com.st.stm32cube.ide.mcu.externaltools.gnu-tools-for-stm32.13.3.rel1.win32_1.0.0.202411081344/tools/bin/../lib/gcc/arm-none-eabi/13.3.1/thumb/v7e-m+fp/hard/crti.o
                0x0800baf0                _init
 .init          0x0800baf4        0x8 C:/ST/STM32CubeIDE_1.19.0/STM32CubeIDE/plugins/com.st.stm32cube.ide.mcu.externaltools.gnu-tools-for-stm32.13.3.rel1.win32_1.0.0.202411081344/tools/bin/../lib/gcc/arm-none-eabi/13.3.1/thumb/v7e-m+fp/hard/crtn.o
 *(.fini)
 .fini          0x0800bafc        0x4 C:/ST/STM32CubeIDE_1.19.0/STM32CubeIDE/plugins/com.st.stm32cube.ide.mcu.externaltools.gnu-tools-for-stm32.13.3.rel1.win32_1.0.0.202411081344/tools/bin/../lib/gcc/arm-none-eabi/13.3.1/thumb/v7e-m+fp/hard/crti.o
                0x0800bafc                _fini
 .fini          0x0800bb00        0x8 C:/ST/STM32CubeIDE_1.19.0/STM32CubeIDE/plugins/com.st.stm32cube.ide.mcu.externaltools.gnu-tools-for-stm32.13.3.rel1.win32_1.0.0.202411081344/tools/bin/../lib/gcc/arm-none-eabi/13.3.1/thumb/v7e-m+fp/hard/crtn.o
                0x0800bb08                        . = ALIGN (0x4)
                0x0800bb08                        _etext = .

.vfp11_veneer   0x0800bb08        0x0
 .vfp11_veneer  0x0800bb08        0x0 linker stubs

.v4_bx          0x0800bb08        0x0
 .v4_bx         0x0800bb08        0x0 linker stubs

.iplt           0x0800bb08        0x0
 .iplt          0x0800bb08        0x0 C:/ST/STM32CubeIDE_1.19.0/STM32CubeIDE/plugins/com.st.stm32cube.ide.mcu.externaltools.gnu-tools-for-stm32.13.3.rel1.win32_1.0.0.202411081344/tools/bin/../lib/gcc/arm-none-eabi/13.3.1/thumb/v7e-m+fp/hard/crtbegin.o

.rodata         0x0800bb08      0x61c
                0x0800bb08                        . = ALIGN (0x4)
 *(.rodata)
 .rodata        0x0800bb08        0x9 ./Core/Src/SigGen.o
 *fill*         0x0800bb11        0x3 
 .rodata        0x0800bb14       0x5a ./Core/Src/freertos.o
 *fill*         0x0800bb6e        0x2 
 .rodata        0x0800bb70        0x5 ./Middlewares/Third_Party/FreeRTOS/Source/tasks.o
 *fill*         0x0800bb75        0x3 
 .rodata        0x0800bb78        0xd ./Middlewares/Third_Party/FreeRTOS/Source/timers.o
 *fill*         0x0800bb85        0x3 
 .rodata        0x0800bb88        0xc C:/ST/STM32CubeIDE_1.19.0/STM32CubeIDE/plugins/com.st.stm32cube.ide.mcu.externaltools.gnu-tools-for-stm32.13.3.rel1.win32_1.0.0.202411081344/tools/bin/../lib/gcc/arm-none-eabi/13.3.1/../../../../arm-none-eabi/lib/thumb/v7e-m+fp/hard\libc_nano.a(libc_a-nano-vfscanf_i.o)
 *(.rodata*)
 .rodata.num    0x0800bb94        0xa ./Core/Src/7seg.o
                0x0800bb94                num
 *fill*         0x0800bb9e        0x2 
 .rodata.seg    0x0800bba0        0x4 ./Core/Src/7seg.o
                0x0800bba0                seg
 .rodata.defaultTask_attributes
                0x0800bba4       0x24 ./Core/Src/freertos.o
                0x0800bba4                defaultTask_attributes
 .rodata.CLI_attributes
                0x0800bbc8       0x24 ./Core/Src/freertos.o
                0x0800bbc8                CLI_attributes
 .rodata.AHBPrescTable
                0x0800bbec       0x10 ./Core/Src/system_stm32l4xx.o
                0x0800bbec                AHBPrescTable
 .rodata.APBPrescTable
                0x0800bbfc        0x8 ./Core/Src/system_stm32l4xx.o
                0x0800bbfc                APBPrescTable
 .rodata.MSIRangeTable
                0x0800bc04       0x30 ./Core/Src/system_stm32l4xx.o
                0x0800bc04                MSIRangeTable
 .rodata._ctype_
                0x0800bc34      0x101 C:/ST/STM32CubeIDE_1.19.0/STM32CubeIDE/plugins/com.st.stm32cube.ide.mcu.externaltools.gnu-tools-for-stm32.13.3.rel1.win32_1.0.0.202411081344/tools/bin/../lib/gcc/arm-none-eabi/13.3.1/../../../../arm-none-eabi/lib/thumb/v7e-m+fp/hard\libc_nano.a(libc_a-ctype_.o)
                0x0800bc34                _ctype_
 .rodata.__ssvfscanf_r.str1.1
                0x0800bd35       0x1f C:/ST/STM32CubeIDE_1.19.0/STM32CubeIDE/plugins/com.st.stm32cube.ide.mcu.externaltools.gnu-tools-for-stm32.13.3.rel1.win32_1.0.0.202411081344/tools/bin/../lib/gcc/arm-none-eabi/13.3.1/../../../../arm-none-eabi/lib/thumb/v7e-m+fp/hard\libc_nano.a(libc_a-nano-svfscanf.o)
                                  0x4 (size before relaxing)
 .rodata._scanf_i.str1.1
                0x0800bd54       0x12 C:/ST/STM32CubeIDE_1.19.0/STM32CubeIDE/plugins/com.st.stm32cube.ide.mcu.externaltools.gnu-tools-for-stm32.13.3.rel1.win32_1.0.0.202411081344/tools/bin/../lib/gcc/arm-none-eabi/13.3.1/../../../../arm-none-eabi/lib/thumb/v7e-m+fp/hard\libc_nano.a(libc_a-nano-vfscanf_i.o)
 .rodata.str1.1
                0x0800bd54        0x9 C:/ST/STM32CubeIDE_1.19.0/STM32CubeIDE/plugins/com.st.stm32cube.ide.mcu.externaltools.gnu-tools-for-stm32.13.3.rel1.win32_1.0.0.202411081344/tools/bin/../lib/gcc/arm-none-eabi/13.3.1/../../../../arm-none-eabi/lib/thumb/v7e-m+fp/hard\libc_nano.a(libc_a-nano-vfscanf_i.o)
 .rodata.npio2_hw
                0x0800bd54       0x80 C:/ST/STM32CubeIDE_1.19.0/STM32CubeIDE/plugins/com.st.stm32cube.ide.mcu.externaltools.gnu-tools-for-stm32.13.3.rel1.win32_1.0.0.202411081344/tools/bin/../lib/gcc/arm-none-eabi/13.3.1/../../../../arm-none-eabi/lib/thumb/v7e-m+fp/hard\libm.a(libm_a-ef_rem_pio2.o)
 .rodata.two_over_pi
                0x0800bdd4      0x318 C:/ST/STM32CubeIDE_1.19.0/STM32CubeIDE/plugins/com.st.stm32cube.ide.mcu.externaltools.gnu-tools-for-stm32.13.3.rel1.win32_1.0.0.202411081344/tools/bin/../lib/gcc/arm-none-eabi/13.3.1/../../../../arm-none-eabi/lib/thumb/v7e-m+fp/hard\libm.a(libm_a-ef_rem_pio2.o)
 .rodata.PIo2   0x0800c0ec       0x2c C:/ST/STM32CubeIDE_1.19.0/STM32CubeIDE/plugins/com.st.stm32cube.ide.mcu.externaltools.gnu-tools-for-stm32.13.3.rel1.win32_1.0.0.202411081344/tools/bin/../lib/gcc/arm-none-eabi/13.3.1/../../../../arm-none-eabi/lib/thumb/v7e-m+fp/hard\libm.a(libm_a-kf_rem_pio2.o)
 .rodata.init_jk
                0x0800c118        0xc C:/ST/STM32CubeIDE_1.19.0/STM32CubeIDE/plugins/com.st.stm32cube.ide.mcu.externaltools.gnu-tools-for-stm32.13.3.rel1.win32_1.0.0.202411081344/tools/bin/../lib/gcc/arm-none-eabi/13.3.1/../../../../arm-none-eabi/lib/thumb/v7e-m+fp/hard\libm.a(libm_a-kf_rem_pio2.o)
                0x0800c124                        . = ALIGN (0x4)

.ARM.extab      0x0800c124        0x0
                0x0800c124                        . = ALIGN (0x4)
 *(.ARM.extab* .gnu.linkonce.armextab.*)
                0x0800c124                        . = ALIGN (0x4)

.ARM            0x0800c124        0x8
                0x0800c124                        . = ALIGN (0x4)
                0x0800c124                        __exidx_start = .
 *(.ARM.exidx*)
 .ARM.exidx     0x0800c124        0x8 C:/ST/STM32CubeIDE_1.19.0/STM32CubeIDE/plugins/com.st.stm32cube.ide.mcu.externaltools.gnu-tools-for-stm32.13.3.rel1.win32_1.0.0.202411081344/tools/bin/../lib/gcc/arm-none-eabi/13.3.1/../../../../arm-none-eabi/lib/thumb/v7e-m+fp/hard\libc_nano.a(libc_a-strlen.o)
 .ARM.exidx     0x0800c12c        0x0 C:/ST/STM32CubeIDE_1.19.0/STM32CubeIDE/plugins/com.st.stm32cube.ide.mcu.externaltools.gnu-tools-for-stm32.13.3.rel1.win32_1.0.0.202411081344/tools/bin/../lib/gcc/arm-none-eabi/13.3.1/../../../../arm-none-eabi/lib/thumb/v7e-m+fp/hard\libc_nano.a(libc_a-memchr.o)
                                  0x8 (size before relaxing)
 .ARM.exidx     0x0800c12c        0x0 C:/ST/STM32CubeIDE_1.19.0/STM32CubeIDE/plugins/com.st.stm32cube.ide.mcu.externaltools.gnu-tools-for-stm32.13.3.rel1.win32_1.0.0.202411081344/tools/bin/../lib/gcc/arm-none-eabi/13.3.1/thumb/v7e-m+fp/hard\libgcc.a(_udivmoddi4.o)
                                  0x8 (size before relaxing)
                0x0800c12c                        __exidx_end = .
                0x0800c12c                        . = ALIGN (0x4)

.preinit_array  0x0800c12c        0x0
                0x0800c12c                        . = ALIGN (0x4)
                0x0800c12c                        PROVIDE (__preinit_array_start = .)
 *(.preinit_array*)
                0x0800c12c                        PROVIDE (__preinit_array_end = .)
                0x0800c12c                        . = ALIGN (0x4)

.init_array     0x0800c12c        0x4
                0x0800c12c                        . = ALIGN (0x4)
                0x0800c12c                        PROVIDE (__init_array_start = .)
 *(SORT_BY_NAME(.init_array.*))
 *(.init_array*)
 .init_array    0x0800c12c        0x4 C:/ST/STM32CubeIDE_1.19.0/STM32CubeIDE/plugins/com.st.stm32cube.ide.mcu.externaltools.gnu-tools-for-stm32.13.3.rel1.win32_1.0.0.202411081344/tools/bin/../lib/gcc/arm-none-eabi/13.3.1/thumb/v7e-m+fp/hard/crtbegin.o
                0x0800c130                        PROVIDE (__init_array_end = .)
                0x0800c130                        . = ALIGN (0x4)

.fini_array     0x0800c130        0x4
                0x0800c130                        . = ALIGN (0x4)
                [!provide]                        PROVIDE (__fini_array_start = .)
 *(SORT_BY_NAME(.fini_array.*))
 *(.fini_array*)
 .fini_array    0x0800c130        0x4 C:/ST/STM32CubeIDE_1.19.0/STM32CubeIDE/plugins/com.st.stm32cube.ide.mcu.externaltools.gnu-tools-for-stm32.13.3.rel1.win32_1.0.0.202411081344/tools/bin/../lib/gcc/arm-none-eabi/13.3.1/thumb/v7e-m+fp/hard/crtbegin.o
                [!provide]                        PROVIDE (__fini_array_end = .)
                0x0800c134                        . = ALIGN (0x4)
                0x0800c134                        _sidata = LOADADDR (.data)

.rel.dyn        0x0800c134        0x0
 .rel.iplt      0x0800c134        0x0 C:/ST/STM32CubeIDE_1.19.0/STM32CubeIDE/plugins/com.st.stm32cube.ide.mcu.externaltools.gnu-tools-for-stm32.13.3.rel1.win32_1.0.0.202411081344/tools/bin/../lib/gcc/arm-none-eabi/13.3.1/thumb/v7e-m+fp/hard/crtbegin.o

.data           0x20000000       0x64 load address 0x0800c134
                0x20000000                        . = ALIGN (0x4)
                0x20000000                        _sdata = .
 *(.data)
 *(.data*)
 .data.s_fout_hz
                0x20000000        0x4 ./Core/Src/SigGen.o
 .data.SystemCoreClock
                0x20000004        0x4 ./Core/Src/system_stm32l4xx.o
                0x20000004                SystemCoreClock
 .data.uwTickPrio
                0x20000008        0x4 ./Drivers/STM32L4xx_HAL_Driver/Src/stm32l4xx_hal.o
                0x20000008                uwTickPrio
 .data.uwTickFreq
                0x2000000c        0x1 ./Drivers/STM32L4xx_HAL_Driver/Src/stm32l4xx_hal.o
                0x2000000c                uwTickFreq
 *fill*         0x2000000d        0x3 
 .data.uxCriticalNesting
                0x20000010        0x4 ./Middlewares/Third_Party/FreeRTOS/Source/portable/GCC/ARM_CM4F/port.o
 .data._impure_ptr
                0x20000014        0x4 C:/ST/STM32CubeIDE_1.19.0/STM32CubeIDE/plugins/com.st.stm32cube.ide.mcu.externaltools.gnu-tools-for-stm32.13.3.rel1.win32_1.0.0.202411081344/tools/bin/../lib/gcc/arm-none-eabi/13.3.1/../../../../arm-none-eabi/lib/thumb/v7e-m+fp/hard\libc_nano.a(libc_a-impure.o)
                0x20000014                _impure_ptr
 .data._impure_data
                0x20000018       0x4c C:/ST/STM32CubeIDE_1.19.0/STM32CubeIDE/plugins/com.st.stm32cube.ide.mcu.externaltools.gnu-tools-for-stm32.13.3.rel1.win32_1.0.0.202411081344/tools/bin/../lib/gcc/arm-none-eabi/13.3.1/../../../../arm-none-eabi/lib/thumb/v7e-m+fp/hard\libc_nano.a(libc_a-impure.o)
                0x20000018                _impure_data
 *(.RamFunc)
 *(.RamFunc*)
                0x20000064                        . = ALIGN (0x4)
                0x20000064                        _edata = .

.igot.plt       0x20000064        0x0 load address 0x0800c198
 .igot.plt      0x20000064        0x0 C:/ST/STM32CubeIDE_1.19.0/STM32CubeIDE/plugins/com.st.stm32cube.ide.mcu.externaltools.gnu-tools-for-stm32.13.3.rel1.win32_1.0.0.202411081344/tools/bin/../lib/gcc/arm-none-eabi/13.3.1/thumb/v7e-m+fp/hard/crtbegin.o
                0x20000064                        . = ALIGN (0x4)

.bss            0x20000064     0x6ff4 load address 0x0800c198
                0x20000064                        _sbss = .
                0x20000064                        __bss_start__ = _sbss
 *(.bss)
 .bss           0x20000064       0x1c C:/ST/STM32CubeIDE_1.19.0/STM32CubeIDE/plugins/com.st.stm32cube.ide.mcu.externaltools.gnu-tools-for-stm32.13.3.rel1.win32_1.0.0.202411081344/tools/bin/../lib/gcc/arm-none-eabi/13.3.1/thumb/v7e-m+fp/hard/crtbegin.o
 *(.bss*)
 .bss.digit     0x20000080        0x8 ./Core/Src/7seg.o
                0x20000080                digit
 .bss.seg.0     0x20000088        0x1 ./Core/Src/7seg.o
 .bss.s_wave    0x20000089        0x1 ./Core/Src/SigGen.o
 *fill*         0x2000008a        0x2 
 .bss.s_buf     0x2000008c       0xc8 ./Core/Src/SigGen.o
 .bss.s_started
                0x20000154        0x1 ./Core/Src/SigGen.o
 *fill*         0x20000155        0x3 
 .bss.hadc1     0x20000158       0x64 ./Core/Src/adc.o
                0x20000158                hadc1
 .bss.hdma_adc1
                0x200001bc       0x48 ./Core/Src/adc.o
                0x200001bc                hdma_adc1
 .bss.hdac1     0x20000204       0x14 ./Core/Src/dac.o
                0x20000204                hdac1
 .bss.hdma_dac_ch1
                0x20000218       0x48 ./Core/Src/dac.o
                0x20000218                hdma_dac_ch1
 .bss.defaultTaskHandle
                0x20000260        0x4 ./Core/Src/freertos.o
                0x20000260                defaultTaskHandle
 .bss.CLIHandle
                0x20000264        0x4 ./Core/Src/freertos.o
                0x20000264                CLIHandle
 .bss.idx.1     0x20000268        0x1 ./Core/Src/freertos.o
 *fill*         0x20000269        0x3 
 .bss.cmd.0     0x2000026c       0x20 ./Core/Src/freertos.o
 .bss.__sbrk_heap_end
                0x2000028c        0x4 ./Core/Src/sysmem.o
 .bss.htim2     0x20000290       0x4c ./Core/Src/tim.o
                0x20000290                htim2
 .bss.htim6     0x200002dc       0x4c ./Core/Src/tim.o
                0x200002dc                htim6
 .bss.htim15    0x20000328       0x4c ./Core/Src/tim.o
                0x20000328                htim15
 .bss.huart2    0x20000374       0x88 ./Core/Src/usart.o
                0x20000374                huart2
 .bss.uwTick    0x200003fc        0x4 ./Drivers/STM32L4xx_HAL_Driver/Src/stm32l4xx_hal.o
                0x200003fc                uwTick
 .bss.KernelState
                0x20000400        0x4 ./Middlewares/Third_Party/FreeRTOS/Source/CMSIS_RTOS_V2/cmsis_os2.o
 .bss.Idle_TCB.3
                0x20000404       0x5c ./Middlewares/Third_Party/FreeRTOS/Source/CMSIS_RTOS_V2/cmsis_os2.o
 .bss.Idle_Stack.2
                0x20000460      0x200 ./Middlewares/Third_Party/FreeRTOS/Source/CMSIS_RTOS_V2/cmsis_os2.o
 .bss.Timer_TCB.1
                0x20000660       0x5c ./Middlewares/Third_Party/FreeRTOS/Source/CMSIS_RTOS_V2/cmsis_os2.o
 .bss.Timer_Stack.0
                0x200006bc      0x400 ./Middlewares/Third_Party/FreeRTOS/Source/CMSIS_RTOS_V2/cmsis_os2.o
 .bss.xQueueRegistry
                0x20000abc       0x40 ./Middlewares/Third_Party/FreeRTOS/Source/queue.o
                0x20000abc                xQueueRegistry
 .bss.pxCurrentTCB
                0x20000afc        0x4 ./Middlewares/Third_Party/FreeRTOS/Source/tasks.o
                0x20000afc                pxCurrentTCB
 .bss.pxReadyTasksLists
                0x20000b00      0x460 ./Middlewares/Third_Party/FreeRTOS/Source/tasks.o
 .bss.xDelayedTaskList1
                0x20000f60       0x14 ./Middlewares/Third_Party/FreeRTOS/Source/tasks.o
 .bss.xDelayedTaskList2
                0x20000f74       0x14 ./Middlewares/Third_Party/FreeRTOS/Source/tasks.o
 .bss.pxDelayedTaskList
                0x20000f88        0x4 ./Middlewares/Third_Party/FreeRTOS/Source/tasks.o
 .bss.pxOverflowDelayedTaskList
                0x20000f8c        0x4 ./Middlewares/Third_Party/FreeRTOS/Source/tasks.o
 .bss.xPendingReadyList
                0x20000f90       0x14 ./Middlewares/Third_Party/FreeRTOS/Source/tasks.o
 .bss.xTasksWaitingTermination
                0x20000fa4       0x14 ./Middlewares/Third_Party/FreeRTOS/Source/tasks.o
 .bss.uxDeletedTasksWaitingCleanUp
                0x20000fb8        0x4 ./Middlewares/Third_Party/FreeRTOS/Source/tasks.o
 .bss.xSuspendedTaskList
                0x20000fbc       0x14 ./Middlewares/Third_Party/FreeRTOS/Source/tasks.o
 .bss.uxCurrentNumberOfTasks
                0x20000fd0        0x4 ./Middlewares/Third_Party/FreeRTOS/Source/tasks.o
 .bss.xTickCount
                0x20000fd4        0x4 ./Middlewares/Third_Party/FreeRTOS/Source/tasks.o
 .bss.uxTopReadyPriority
                0x20000fd8        0x4 ./Middlewares/Third_Party/FreeRTOS/Source/tasks.o
 .bss.xSchedulerRunning
                0x20000fdc        0x4 ./Middlewares/Third_Party/FreeRTOS/Source/tasks.o
 .bss.xPendedTicks
                0x20000fe0        0x4 ./Middlewares/Third_Party/FreeRTOS/Source/tasks.o
 .bss.xYieldPending
                0x20000fe4        0x4 ./Middlewares/Third_Party/FreeRTOS/Source/tasks.o
 .bss.xNumOfOverflows
                0x20000fe8        0x4 ./Middlewares/Third_Party/FreeRTOS/Source/tasks.o
 .bss.uxTaskNumber
                0x20000fec        0x4 ./Middlewares/Third_Party/FreeRTOS/Source/tasks.o
 .bss.xNextTaskUnblockTime
                0x20000ff0        0x4 ./Middlewares/Third_Party/FreeRTOS/Source/tasks.o
 .bss.xIdleTaskHandle
                0x20000ff4        0x4 ./Middlewares/Third_Party/FreeRTOS/Source/tasks.o
 .bss.uxSchedulerSuspended
                0x20000ff8        0x4 ./Middlewares/Third_Party/FreeRTOS/Source/tasks.o
 .bss.xActiveTimerList1
                0x20000ffc       0x14 ./Middlewares/Third_Party/FreeRTOS/Source/timers.o
 .bss.xActiveTimerList2
                0x20001010       0x14 ./Middlewares/Third_Party/FreeRTOS/Source/timers.o
 .bss.pxCurrentTimerList
                0x20001024        0x4 ./Middlewares/Third_Party/FreeRTOS/Source/timers.o
 .bss.pxOverflowTimerList
                0x20001028        0x4 ./Middlewares/Third_Party/FreeRTOS/Source/timers.o
 .bss.xTimerQueue
                0x2000102c        0x4 ./Middlewares/Third_Party/FreeRTOS/Source/timers.o
 .bss.xTimerTaskHandle
                0x20001030        0x4 ./Middlewares/Third_Party/FreeRTOS/Source/timers.o
 .bss.xLastTime.2
                0x20001034        0x4 ./Middlewares/Third_Party/FreeRTOS/Source/timers.o
 .bss.ucStaticTimerQueueStorage.1
                0x20001038       0xa0 ./Middlewares/Third_Party/FreeRTOS/Source/timers.o
 .bss.xStaticTimerQueue.0
                0x200010d8       0x50 ./Middlewares/Third_Party/FreeRTOS/Source/timers.o
 .bss.ucMaxSysCallPriority
                0x20001128        0x1 ./Middlewares/Third_Party/FreeRTOS/Source/portable/GCC/ARM_CM4F/port.o
 *fill*         0x20001129        0x3 
 .bss.ulMaxPRIGROUPValue
                0x2000112c        0x4 ./Middlewares/Third_Party/FreeRTOS/Source/portable/GCC/ARM_CM4F/port.o
 .bss.ucHeap    0x20001130     0x5dc0 ./Middlewares/Third_Party/FreeRTOS/Source/portable/MemMang/heap_4.o
 .bss.xStart    0x20006ef0        0x8 ./Middlewares/Third_Party/FreeRTOS/Source/portable/MemMang/heap_4.o
 .bss.pxEnd     0x20006ef8        0x4 ./Middlewares/Third_Party/FreeRTOS/Source/portable/MemMang/heap_4.o
 .bss.xFreeBytesRemaining
                0x20006efc        0x4 ./Middlewares/Third_Party/FreeRTOS/Source/portable/MemMang/heap_4.o
 .bss.xMinimumEverFreeBytesRemaining
                0x20006f00        0x4 ./Middlewares/Third_Party/FreeRTOS/Source/portable/MemMang/heap_4.o
 .bss.xNumberOfSuccessfulAllocations
                0x20006f04        0x4 ./Middlewares/Third_Party/FreeRTOS/Source/portable/MemMang/heap_4.o
 .bss.xNumberOfSuccessfulFrees
                0x20006f08        0x4 ./Middlewares/Third_Party/FreeRTOS/Source/portable/MemMang/heap_4.o
 .bss.xBlockAllocatedBit
                0x20006f0c        0x4 ./Middlewares/Third_Party/FreeRTOS/Source/portable/MemMang/heap_4.o
 .bss.__sf      0x20006f10      0x138 C:/ST/STM32CubeIDE_1.19.0/STM32CubeIDE/plugins/com.st.stm32cube.ide.mcu.externaltools.gnu-tools-for-stm32.13.3.rel1.win32_1.0.0.202411081344/tools/bin/../lib/gcc/arm-none-eabi/13.3.1/../../../../arm-none-eabi/lib/thumb/v7e-m+fp/hard\libc_nano.a(libc_a-findfp.o)
                0x20006f10                __sf
 .bss.errno     0x20007048        0x4 C:/ST/STM32CubeIDE_1.19.0/STM32CubeIDE/plugins/com.st.stm32cube.ide.mcu.externaltools.gnu-tools-for-stm32.13.3.rel1.win32_1.0.0.202411081344/tools/bin/../lib/gcc/arm-none-eabi/13.3.1/../../../../arm-none-eabi/lib/thumb/v7e-m+fp/hard\libc_nano.a(libc_a-reent.o)
                0x20007048                errno
 .bss.__lock___malloc_recursive_mutex
                0x2000704c        0x1 C:/ST/STM32CubeIDE_1.19.0/STM32CubeIDE/plugins/com.st.stm32cube.ide.mcu.externaltools.gnu-tools-for-stm32.13.3.rel1.win32_1.0.0.202411081344/tools/bin/../lib/gcc/arm-none-eabi/13.3.1/../../../../arm-none-eabi/lib/thumb/v7e-m+fp/hard\libc_nano.a(libc_a-lock.o)
                0x2000704c                __lock___malloc_recursive_mutex
 *fill*         0x2000704d        0x3 
 .bss.__malloc_sbrk_start
                0x20007050        0x4 C:/ST/STM32CubeIDE_1.19.0/STM32CubeIDE/plugins/com.st.stm32cube.ide.mcu.externaltools.gnu-tools-for-stm32.13.3.rel1.win32_1.0.0.202411081344/tools/bin/../lib/gcc/arm-none-eabi/13.3.1/../../../../arm-none-eabi/lib/thumb/v7e-m+fp/hard\libc_nano.a(libc_a-mallocr.o)
                0x20007050                __malloc_sbrk_start
 .bss.__malloc_free_list
                0x20007054        0x4 C:/ST/STM32CubeIDE_1.19.0/STM32CubeIDE/plugins/com.st.stm32cube.ide.mcu.externaltools.gnu-tools-for-stm32.13.3.rel1.win32_1.0.0.202411081344/tools/bin/../lib/gcc/arm-none-eabi/13.3.1/../../../../arm-none-eabi/lib/thumb/v7e-m+fp/hard\libc_nano.a(libc_a-mallocr.o)
                0x20007054                __malloc_free_list
 *(COMMON)
                0x20007058                        . = ALIGN (0x4)
                0x20007058                        _ebss = .
                0x20007058                        __bss_end__ = _ebss

._user_heap_stack
                0x20007058      0x600 load address 0x0800c198
                0x20007058                        . = ALIGN (0x8)
                [!provide]                        PROVIDE (end = .)
                0x20007058                        PROVIDE (_end = .)
                0x20007258                        . = (. + _Min_Heap_Size)
 *fill*         0x20007058      0x200 
                0x20007658                        . = (. + _Min_Stack_Size)
 *fill*         0x20007258      0x400 
                0x20007658                        . = ALIGN (0x8)

/DISCARD/
 libc.a(*)
 libm.a(*)
 libgcc.a(*)

.ARM.attributes
                0x00000000       0x30
 *(.ARM.attributes)
 .ARM.attributes
                0x00000000       0x22 C:/ST/STM32CubeIDE_1.19.0/STM32CubeIDE/plugins/com.st.stm32cube.ide.mcu.externaltools.gnu-tools-for-stm32.13.3.rel1.win32_1.0.0.202411081344/tools/bin/../lib/gcc/arm-none-eabi/13.3.1/thumb/v7e-m+fp/hard/crti.o
 .ARM.attributes
                0x00000022       0x34 C:/ST/STM32CubeIDE_1.19.0/STM32CubeIDE/plugins/com.st.stm32cube.ide.mcu.externaltools.gnu-tools-for-stm32.13.3.rel1.win32_1.0.0.202411081344/tools/bin/../lib/gcc/arm-none-eabi/13.3.1/thumb/v7e-m+fp/hard/crtbegin.o
 .ARM.attributes
                0x00000056       0x34 ./Core/Src/7seg.o
 .ARM.attributes
                0x0000008a       0x34 ./Core/Src/SigGen.o
 .ARM.attributes
                0x000000be       0x34 ./Core/Src/adc.o
 .ARM.attributes
                0x000000f2       0x34 ./Core/Src/dac.o
 .ARM.attributes
                0x00000126       0x34 ./Core/Src/dma.o
 .ARM.attributes
                0x0000015a       0x34 ./Core/Src/freertos.o
 .ARM.attributes
                0x0000018e       0x34 ./Core/Src/gpio.o
 .ARM.attributes
                0x000001c2       0x34 ./Core/Src/main.o
 .ARM.attributes
                0x000001f6       0x34 ./Core/Src/stm32l4xx_hal_msp.o
 .ARM.attributes
                0x0000022a       0x34 ./Core/Src/stm32l4xx_it.o
 .ARM.attributes
                0x0000025e       0x34 ./Core/Src/sysmem.o
 .ARM.attributes
                0x00000292       0x34 ./Core/Src/system_stm32l4xx.o
 .ARM.attributes
                0x000002c6       0x34 ./Core/Src/tim.o
 .ARM.attributes
                0x000002fa       0x34 ./Core/Src/usart.o
 .ARM.attributes
                0x0000032e       0x21 ./Core/Startup/startup_stm32l476rgtx.o
 .ARM.attributes
                0x0000034f       0x34 ./Drivers/STM32L4xx_HAL_Driver/Src/stm32l4xx_hal.o
 .ARM.attributes
                0x00000383       0x34 ./Drivers/STM32L4xx_HAL_Driver/Src/stm32l4xx_hal_adc.o
 .ARM.attributes
                0x000003b7       0x34 ./Drivers/STM32L4xx_HAL_Driver/Src/stm32l4xx_hal_adc_ex.o
 .ARM.attributes
                0x000003eb       0x34 ./Drivers/STM32L4xx_HAL_Driver/Src/stm32l4xx_hal_cortex.o
 .ARM.attributes
                0x0000041f       0x34 ./Drivers/STM32L4xx_HAL_Driver/Src/stm32l4xx_hal_dac.o
 .ARM.attributes
                0x00000453       0x34 ./Drivers/STM32L4xx_HAL_Driver/Src/stm32l4xx_hal_dac_ex.o
 .ARM.attributes
                0x00000487       0x34 ./Drivers/STM32L4xx_HAL_Driver/Src/stm32l4xx_hal_dma.o
 .ARM.attributes
                0x000004bb       0x34 ./Drivers/STM32L4xx_HAL_Driver/Src/stm32l4xx_hal_gpio.o
 .ARM.attributes
                0x000004ef       0x34 ./Drivers/STM32L4xx_HAL_Driver/Src/stm32l4xx_hal_pwr_ex.o
 .ARM.attributes
                0x00000523       0x34 ./Drivers/STM32L4xx_HAL_Driver/Src/stm32l4xx_hal_rcc.o
 .ARM.attributes
                0x00000557       0x34 ./Drivers/STM32L4xx_HAL_Driver/Src/stm32l4xx_hal_rcc_ex.o
 .ARM.attributes
                0x0000058b       0x34 ./Drivers/STM32L4xx_HAL_Driver/Src/stm32l4xx_hal_tim.o
 .ARM.attributes
                0x000005bf       0x34 ./Drivers/STM32L4xx_HAL_Driver/Src/stm32l4xx_hal_tim_ex.o
 .ARM.attributes
                0x000005f3       0x34 ./Drivers/STM32L4xx_HAL_Driver/Src/stm32l4xx_hal_uart.o
 .ARM.attributes
                0x00000627       0x34 ./Drivers/STM32L4xx_HAL_Driver/Src/stm32l4xx_hal_uart_ex.o
 .ARM.attributes
                0x0000065b       0x34 ./Middlewares/Third_Party/FreeRTOS/Source/CMSIS_RTOS_V2/cmsis_os2.o
 .ARM.attributes
                0x0000068f       0x34 ./Middlewares/Third_Party/FreeRTOS/Source/list.o
 .ARM.attributes