../Core/Src/main.c:70:6:init_systick	0	static
../Core/Src/main.c:95:6:SysTick_Handler	0	static
../Core/Src/main.c:126:6:HAL_GPIO_EXTI_Callback	16	static
../Core/Src/main.c:228:6:GPIO_Init	0	static
../Core/Src/main.c:253:6:TIM2_PWM_Init	0	static
../Core/Src/main.c:283:6:UART_Init	0	static
../Core/Src/main.c:356:6:UART_ReceiveChar	0	static
../Core/Src/main.c:363:6:UART_Write	8	static
../Core/Src/main.c:383:6:UART_SendChar	0	static
../Core/Src/main.c:395:6:UART_SendString	8	static
../Core/Src/main.c:179:5:main	40	static,ignoring_inline_asm
../Core/Src/main.c:403:6:UART_Delay	0	static
