../Core/Src/SigGen.c:59:13:fill_sine	32	static
../Core/Src/SigGen.c:81:13:fill_square	24	static
../Core/Src/SigGen.c:102:13:apply_waveform	16	static
../Core/Src/SigGen.c:129:13:Update_TIM6_fs	56	static
../Core/Src/SigGen.c:188:13:apply_frequency	24	static
../Core/Src/SigGen.c:211:6:SigGen_Init	16	static
../Core/Src/SigGen.c:232:6:SigGen_Start	8	static
../Core/Src/SigGen.c:248:6:SigGen_Stop	8	static
../Core/Src/SigGen.c:261:6:SigGen_Set	16	static
../Core/Src/SigGen.c:288:9:SigGen_ParseCommand	64	static
