../Core/Src/main.c:70:6:init_systick	1
../Core/Src/main.c:95:6:SysTick_Handler	3
../Core/Src/main.c:111:12:parse_uint	5
../Core/Src/main.c:126:6:HAL_GPIO_EXTI_Callback	4
../Core/Src/main.c:164:20:Servo_SetPulseUs	4
../Core/Src/main.c:179:5:main	5
../Core/Src/main.c:228:6:GPIO_Init	1
../Core/Src/main.c:244:6:TIM2_PWM_Init	1
../Core/Src/main.c:266:6:UART_Init	3
../Core/Src/main.c:339:6:UART_ReceiveChar	2
../Core/Src/main.c:346:6:UART_Write	4
../Core/Src/main.c:366:6:UART_SendChar	3
../Core/Src/main.c:378:6:UART_SendString	2
../Core/Src/main.c:386:6:UART_Delay	2
